Component: ARM Compiler 5.06 update 6 (build 750) Tool: armlink [4d35ed]

==============================================================================

Section Cross References

    uart.o(i.uart0_init) refers to system_msp432p401r.o(.data) for SystemCoreClock
    uart.o(i.uart0_put) refers to uart.o(i.uart0_putchar) for uart0_putchar
    uart.o(i.uart2_init) refers to system_msp432p401r.o(.data) for SystemCoreClock
    uart.o(i.uart2_put) refers to uart.o(i.uart2_putchar) for uart2_putchar
    timer32.o(i.CalcPeriodFromFrequency) refers to dflt_clz.o(x$fpl$dfltu) for __aeabi_ui2d
    timer32.o(i.CalcPeriodFromFrequency) refers to ddiv.o(x$fpl$ddiv) for __aeabi_ddiv
    timer32.o(i.CalcPeriodFromFrequency) refers to dfixu.o(x$fpl$dfixu) for __aeabi_d2uiz
    timer32.o(i.CalcPeriodFromFrequency) refers to system_msp432p401r.o(.data) for SystemCoreClock
    timer32.o(i.MS_Timeout_Handler) refers to timer32.o(.data) for timeOut
    timer32.o(i.T32_INT1_IRQHandler) refers to timer32.o(.data) for Timer32_1_PeriodicTask
    timer32.o(i.T32_INT2_IRQHandler) refers to timer32.o(.data) for Timer32_2_PeriodicTask
    timer32.o(i.Timer32_1_Init) refers to cortexm.o(.emb_text) for StartCritical
    timer32.o(i.Timer32_1_Init) refers to timer32.o(.data) for timer1Period
    timer32.o(i.Timer32_2_Init) refers to cortexm.o(.emb_text) for StartCritical
    timer32.o(i.Timer32_2_Init) refers to timer32.o(.data) for timer2Period
    cortexm.o(i.Clock_Delay1ms) refers to cortexm.o(.emb_text) for delay
    lab8-adc.o(i.Timer32_1_ISR) refers to _printf_percent.o(.ARM.Collect$$_printf_percent$$00000000) for _printf_percent
    lab8-adc.o(i.Timer32_1_ISR) refers to _printf_f.o(.ARM.Collect$$_printf_percent$$00000003) for _printf_f
    lab8-adc.o(i.Timer32_1_ISR) refers to printf1.o(x$fpl$printf1) for _printf_fp_dec
    lab8-adc.o(i.Timer32_1_ISR) refers to adc14.o(i.ADC_In) for ADC_In
    lab8-adc.o(i.Timer32_1_ISR) refers to pow.o(i.__hardfp_pow) for __hardfp_pow
    lab8-adc.o(i.Timer32_1_ISR) refers to daddsub_clz.o(x$fpl$dsub) for __aeabi_dsub
    lab8-adc.o(i.Timer32_1_ISR) refers to dflt_clz.o(x$fpl$dfltu) for __aeabi_ui2d
    lab8-adc.o(i.Timer32_1_ISR) refers to dmul.o(x$fpl$dmul) for __aeabi_dmul
    lab8-adc.o(i.Timer32_1_ISR) refers to ddiv.o(x$fpl$ddiv) for __aeabi_ddiv
    lab8-adc.o(i.Timer32_1_ISR) refers to uart.o(i.uart0_put) for uart0_put
    lab8-adc.o(i.Timer32_1_ISR) refers to noretval__2sprintf.o(.text) for __2sprintf
    lab8-adc.o(i.Timer32_1_ISR) refers to daddsub_clz.o(x$fpl$dadd) for __aeabi_dadd
    lab8-adc.o(i.main) refers to uart.o(i.uart0_init) for uart0_init
    lab8-adc.o(i.main) refers to uart.o(i.uart0_put) for uart0_put
    lab8-adc.o(i.main) refers to timer32.o(i.CalcPeriodFromFrequency) for CalcPeriodFromFrequency
    lab8-adc.o(i.main) refers to timer32.o(i.Timer32_1_Init) for Timer32_1_Init
    lab8-adc.o(i.main) refers to leds.o(i.LED1_Init) for LED1_Init
    lab8-adc.o(i.main) refers to leds.o(i.LED2_Init) for LED2_Init
    lab8-adc.o(i.main) refers to switches.o(i.Switch2_Init) for Switch2_Init
    lab8-adc.o(i.main) refers to adc14.o(i.ADC0_InitSWTriggerCh6) for ADC0_InitSWTriggerCh6
    lab8-adc.o(i.main) refers to cortexm.o(.emb_text) for EnableInterrupts
    lab8-adc.o(i.main) refers to lab8-adc.o(i.Timer32_1_ISR) for Timer32_1_ISR
    startup_msp432p401r_uvision.o(STACK) refers (Special) to heapauxi.o(.text) for __use_two_region_memory
    startup_msp432p401r_uvision.o(HEAP) refers (Special) to heapauxi.o(.text) for __use_two_region_memory
    startup_msp432p401r_uvision.o(RESET) refers (Special) to heapauxi.o(.text) for __use_two_region_memory
    startup_msp432p401r_uvision.o(RESET) refers to startup_msp432p401r_uvision.o(STACK) for __initial_sp
    startup_msp432p401r_uvision.o(RESET) refers to startup_msp432p401r_uvision.o(.text) for Reset_Handler
    startup_msp432p401r_uvision.o(RESET) refers to timer32.o(i.T32_INT1_IRQHandler) for T32_INT1_IRQHandler
    startup_msp432p401r_uvision.o(RESET) refers to timer32.o(i.T32_INT2_IRQHandler) for T32_INT2_IRQHandler
    startup_msp432p401r_uvision.o(.text) refers (Special) to heapauxi.o(.text) for __use_two_region_memory
    startup_msp432p401r_uvision.o(.text) refers to system_msp432p401r.o(i.SystemInit) for SystemInit
    startup_msp432p401r_uvision.o(.text) refers to __main.o(!!!main) for __main
    startup_msp432p401r_uvision.o(.text) refers to startup_msp432p401r_uvision.o(HEAP) for Heap_Mem
    startup_msp432p401r_uvision.o(.text) refers to startup_msp432p401r_uvision.o(STACK) for Stack_Mem
    system_msp432p401r.o(i.SystemCoreClockUpdate) refers to system_msp432p401r.o(.data) for SystemCoreClock
    __2sprintf.o(.text) refers to _printf_char_common.o(.text) for _printf_char_common
    __2sprintf.o(.text) refers to _sputc.o(.text) for _sputc
    noretval__2sprintf.o(.text) refers to _printf_char_common.o(.text) for _printf_char_common
[...]
    libinit.o(.ARM.Collect$$libinit$$00000000) refers (Special) to libinit2.o(.ARM.Collect$$libinit$$0000001F) for __rt_lib_init_fp_trap_1
    libinit.o(.ARM.Collect$$libinit$$00000000) refers (Special) to libinit2.o(.ARM.Collect$$libinit$$00000023) for __rt_lib_init_getenv_1
    libinit.o(.ARM.Collect$$libinit$$00000000) refers (Special) to libinit2.o(.ARM.Collect$$libinit$$0000000A) for __rt_lib_init_heap_1
    libinit.o(.ARM.Collect$$libinit$$00000000) refers (Special) to libinit2.o(.ARM.Collect$$libinit$$00000011) for __rt_lib_init_lc_collate_1
    libinit.o(.ARM.Collect$$libinit$$00000000) refers (Special) to libinit2.o(.ARM.Collect$$libinit$$00000013) for __rt_lib_init_lc_ctype_1
    libinit.o(.ARM.Collect$$libinit$$00000000) refers (Special) to libinit2.o(.ARM.Collect$$libinit$$00000015) for __rt_lib_init_lc_monetary_1
    libinit.o(.ARM.Collect$$libinit$$00000000) refers (Special) to libinit2.o(.ARM.Collect$$libinit$$00000017) for __rt_lib_init_lc_numeric_1
    libinit.o(.ARM.Collect$$libinit$$00000000) refers (Special) to libinit2.o(.ARM.Collect$$libinit$$00000019) for __rt_lib_init_lc_time_1
    libinit.o(.ARM.Collect$$libinit$$00000000) refers (Special) to libinit2.o(.ARM.Collect$$libinit$$00000004) for __rt_lib_init_preinit_1
    libinit.o(.ARM.Collect$$libinit$$00000000) refers (Special) to libinit2.o(.ARM.Collect$$libinit$$0000000E) for __rt_lib_init_rand_1
    libinit.o(.ARM.Collect$$libinit$$00000000) refers (Special) to libinit2.o(.ARM.Collect$$libinit$$00000033) for __rt_lib_init_return
    libinit.o(.ARM.Collect$$libinit$$00000000) refers (Special) to libinit2.o(.ARM.Collect$$libinit$$0000001D) for __rt_lib_init_signal_1
    libinit.o(.ARM.Collect$$libinit$$00000000) refers (Special) to libinit2.o(.ARM.Collect$$libinit$$00000025) for __rt_lib_init_stdio_1
    libinit.o(.ARM.Collect$$libinit$$00000000) refers (Special) to libinit2.o(.ARM.Collect$$libinit$$0000000C) for __rt_lib_init_user_alloc_1
    libinit2.o(.ARM.Collect$$libinit$$00000001) refers to fpinit.o(x$fpl$fpinit) for _fp_init
    libinit2.o(.ARM.Collect$$libinit$$0000000F) refers (Weak) to rt_locale_intlibspace.o(.text) for __rt_locale
    libinit2.o(.ARM.Collect$$libinit$$00000010) refers to libinit2.o(.ARM.Collect$$libinit$$0000000F) for .ARM.Collect$$libinit$$0000000F
    libinit2.o(.ARM.Collect$$libinit$$00000012) refers to libinit2.o(.ARM.Collect$$libinit$$0000000F) for .ARM.Collect$$libinit$$0000000F
    libinit2.o(.ARM.Collect$$libinit$$00000014) refers to libinit2.o(.ARM.Collect$$libinit$$0000000F) for .ARM.Collect$$libinit$$0000000F
    libinit2.o(.ARM.Collect$$libinit$$00000016) refers to libinit2.o(.ARM.Collect$$libinit$$0000000F) for .ARM.Collect$$libinit$$0000000F
    libinit2.o(.ARM.Collect$$libinit$$00000016) refers (Weak) to lc_numeric_c.o(locale$$code) for _get_lc_numeric
    libinit2.o(.ARM.Collect$$libinit$$00000018) refers to libinit2.o(.ARM.Collect$$libinit$$0000000F) for .ARM.Collect$$libinit$$0000000F
    libinit2.o(.ARM.Collect$$libinit$$00000026) refers to argv_veneer.o(.emb_text) for __ARM_argv_veneer
    libinit2.o(.ARM.Collect$$libinit$$00000027) refers to argv_veneer.o(.emb_text) for __ARM_argv_veneer
    dcmpi.o(x$fpl$dcmpinf) refers (Special) to usenofp.o(x$fpl$usenofp) for __I$use$fp
    retnan.o(x$fpl$retnan) refers (Special) to usenofp.o(x$fpl$usenofp) for __I$use$fp
    retnan.o(x$fpl$retnan) refers to trapv.o(x$fpl$trapveneer) for __fpl_cmpreturn
    rtexit.o(.ARM.Collect$$rtexit$$00000000) refers (Special) to rtexit2.o(.ARM.Collect$$rtexit$$00000004) for __rt_exit_exit
    rtexit.o(.ARM.Collect$$rtexit$$00000000) refers (Special) to rtexit2.o(.ARM.Collect$$rtexit$$00000003) for __rt_exit_ls
    rtexit.o(.ARM.Collect$$rtexit$$00000000) refers (Special) to rtexit2.o(.ARM.Collect$$rtexit$$00000002) for __rt_exit_prels_1
    rtexit.o(.ARM.exidx) refers (Special) to rtexit2.o(.ARM.Collect$$rtexit$$00000004) for __rt_exit_exit
    rtexit.o(.ARM.exidx) refers (Special) to rtexit2.o(.ARM.Collect$$rtexit$$00000003) for __rt_exit_ls
    rtexit.o(.ARM.exidx) refers (Special) to rtexit2.o(.ARM.Collect$$rtexit$$00000002) for __rt_exit_prels_1
    rtexit.o(.ARM.exidx) refers to rtexit.o(.ARM.Collect$$rtexit$$00000000) for .ARM.Collect$$rtexit$$00000000
    argv_veneer.o(.emb_text) refers to no_argv.o(.text) for __ARM_get_argv
    trapv.o(x$fpl$trapveneer) refers (Special) to usenofp.o(x$fpl$usenofp) for __I$use$fp
    rtexit2.o(.ARM.Collect$$rtexit$$00000003) refers to libshutdown.o(.ARM.Collect$$libshutdown$$00000000) for __rt_lib_shutdown
    rtexit2.o(.ARM.Collect$$rtexit$$00000004) refers to sys_exit.o(.text) for _sys_exit
    rtexit2.o(.ARM.exidx) refers to rtexit2.o(.ARM.Collect$$rtexit$$00000001) for .ARM.Collect$$rtexit$$00000001
    rtexit2.o(.ARM.exidx) refers to rtexit2.o(.ARM.Collect$$rtexit$$00000003) for .ARM.Collect$$rtexit$$00000003
    rtexit2.o(.ARM.exidx) refers to rtexit2.o(.ARM.Collect$$rtexit$$00000004) for .ARM.Collect$$rtexit$$00000004
    _get_argv_nomalloc.o(.text) refers (Special) to hrguard.o(.text) for __heap_region$guard
    _get_argv_nomalloc.o(.text) refers to defsig_rtmem_outer.o(.text) for __rt_SIGRTMEM
    _get_argv_nomalloc.o(.text) refers to sys_command.o(.text) for _sys_command_string
    sys_command.o(.text) refers (Special) to use_no_semi.o(.text) for __I$use$semihosting
    sys_command.o(.text) refers (Special) to indicate_semi.o(.text) for __semihosting_library_function
    sys_exit.o(.text) refers (Special) to use_no_semi.o(.text) for __I$use$semihosting
    sys_exit.o(.text) refers (Special) to indicate_semi.o(.text) for __semihosting_library_function
    defsig_rtmem_outer.o(.text) refers to defsig_rtmem_inner.o(.text) for __rt_SIGRTMEM_inner
    defsig_rtmem_outer.o(.text) refers to defsig_exit.o(.text) for __sig_exit
    defsig_rtmem_formal.o(.text) refers to rt_raise.o(.text) for __rt_raise
    libshutdown.o(.ARM.Collect$$libshutdown$$00000000) refers (Special) to libshutdown2.o(.ARM.Collect$$libshutdown$$00000002) for __rt_lib_shutdown_cpp_1
    libshutdown.o(.ARM.Collect$$libshutdown$$00000000) refers (Special) to libshutdown2.o(.ARM.Collect$$libshutdown$$00000007) for __rt_lib_shutdown_fp_trap_1
    libshutdown.o(.ARM.Collect$$libshutdown$$00000000) refers (Special) to libshutdown2.o(.ARM.Collect$$libshutdown$$0000000F) for __rt_lib_shutdown_heap_1
    libshutdown.o(.ARM.Collect$$libshutdown$$00000000) refers (Special) to libshutdown2.o(.ARM.Collect$$libshutdown$$00000010) for __rt_lib_shutdown_return
    libshutdown.o(.ARM.Collect$$libshutdown$$00000000) refers (Special) to libshutdown2.o(.ARM.Collect$$libshutdown$$0000000A) for __rt_lib_shutdown_signal_1
    libshutdown.o(.ARM.Collect$$libshutdown$$00000000) refers (Special) to libshutdown2.o(.ARM.Collect$$libshutdown$$00000004) for __rt_lib_shutdown_stdio_1
    libshutdown.o(.ARM.Collect$$libshutdown$$00000000) refers (Special) to libshutdown2.o(.ARM.Collect$$libshutdown$$0000000C) for __rt_lib_shutdown_user_alloc_1
    rt_raise.o(.text) refers to __raise.o(.text) for __raise
    rt_raise.o(.text) refers to sys_exit.o(.text) for _sys_exit
    defsig_exit.o(.text) refers to sys_exit.o(.text) for _sys_exit
    defsig_rtmem_inner.o(.text) refers to defsig_general.o(.text) for __default_signal_display
    __raise.o(.text) refers to defsig.o(CL$$defsig) for __default_signal_handler
    defsig_general.o(.text) refers to sys_wrch.o(.text) for _ttywrch
    sys_wrch.o(.text) refers (Special) to use_no_semi.o(.text) for __I$use$semihosting
    sys_wrch.o(.text) refers (Special) to indicate_semi.o(.text) for __semihosting_library_function
    defsig.o(CL$$defsig) refers to defsig_rtmem_inner.o(.text) for __rt_SIGRTMEM_inner
    defsig_abrt_inner.o(.text) refers to defsig_general.o(.text) for __default_signal_display
    defsig_fpe_inner.o(.text) refers to defsig_general.o(.text) for __default_signal_display
    defsig_rtred_inner.o(.text) refers to defsig_general.o(.text) for __default_signal_display
    defsig_stak_inner.o(.text) refers to defsig_general.o(.text) for __default_signal_display
    defsig_pvfn_inner.o(.text) refers to defsig_general.o(.text) for __default_signal_display
    defsig_cppl_inner.o(.text) refers to defsig_general.o(.text) for __default_signal_display
    defsig_segv_inner.o(.text) refers to defsig_general.o(.text) for __default_signal_display
    defsig_other.o(.text) refers to defsig_general.o(.text) for __default_signal_display


==============================================================================

Removing Unused input sections from the image.

    Removing uart.o(.rev16_text), (4 bytes).
    Removing uart.o(.revsh_text), (4 bytes).
    Removing uart.o(.rrx_text), (6 bytes).
    Removing uart.o(i.uart0_dataAvailable), (20 bytes).
    Removing uart.o(i.uart0_getchar), (12 bytes).
    Removing uart.o(i.uart2_dataAvailable), (24 bytes).
    Removing uart.o(i.uart2_getchar), (12 bytes).
    Removing uart.o(i.uart2_init), (156 bytes).
    Removing uart.o(i.uart2_put), (22 bytes).
    Removing uart.o(i.uart2_putchar), (28 bytes).
    Removing timer32.o(.rev16_text), (4 bytes).
    Removing timer32.o(.revsh_text), (4 bytes).
    Removing timer32.o(.rrx_text), (6 bytes).
    Removing timer32.o(i.MS_Timeout_Handler), (12 bytes).
    Removing timer32.o(i.Timer32_2_Init), (228 bytes).
    Removing switches.o(.rev16_text), (4 bytes).
    Removing switches.o(.revsh_text), (4 bytes).
    Removing switches.o(.rrx_text), (6 bytes).
    Removing switches.o(i.Switch1_Init), (72 bytes).
    Removing switches.o(i.Switch1_Pressed), (36 bytes).
    Removing switches.o(i.Switch2_Pressed), (36 bytes).
    Removing leds.o(.rev16_text), (4 bytes).
    Removing leds.o(.revsh_text), (4 bytes).
    Removing leds.o(.rrx_text), (6 bytes).
    Removing leds.o(i.LED1_Off), (20 bytes).
    Removing leds.o(i.LED1_On), (20 bytes).
    Removing leds.o(i.LED1_State), (24 bytes).
    Removing leds.o(i.LED2_Off), (40 bytes).
    Removing leds.o(i.LED2_On), (16 bytes).
    Removing leds.o(i.LED2_State), (24 bytes).
    Removing leds.o(i.Loop_Delay), (24 bytes).
    Removing cortexm.o(i.Clock_Delay1ms), (22 bytes).
    Removing adc14.o(.rev16_text), (4 bytes).
    Removing adc14.o(.revsh_text), (4 bytes).
    Removing adc14.o(.rrx_text), (6 bytes).
    Removing lab8-adc.o(.rev16_text), (4 bytes).
    Removing lab8-adc.o(.revsh_text), (4 bytes).
    Removing lab8-adc.o(.rrx_text), (6 bytes).
    Removing lab8-adc.o(.data), (8 bytes).
    Removing system_msp432p401r.o(.rev16_text), (4 bytes).
    Removing system_msp432p401r.o(.revsh_text), (4 bytes).
    Removing system_msp432p401r.o(.rrx_text), (6 bytes).
    Removing system_msp432p401r.o(i.SystemCoreClockUpdate), (628 bytes).

43 unused section(s) (total 1582 bytes) removed from the image.

==============================================================================

Image Symbol Table

    Local Symbols

    Symbol Name                              Value     Ov Type        Size  Object(Section)

    RESET                                    0x00000000   Section      324  startup_msp432p401r_uvision.o(RESET)
    ../clib/angel/boardlib.s                 0x00000000   Number         0  boardshut.o ABSOLUTE
    ../clib/angel/boardlib.s                 0x00000000   Number         0  boardinit1.o ABSOLUTE
    ../clib/angel/boardlib.s                 0x00000000   Number         0  boardinit2.o ABSOLUTE
    ../clib/angel/boardlib.s                 0x00000000   Number         0  boardinit3.o ABSOLUTE
    ../clib/angel/handlers.s                 0x00000000   Number         0  __scatter_zi.o ABSOLUTE
    ../clib/angel/handlers.s                 0x00000000   Number         0  __scatter_copy.o ABSOLUTE
    ../clib/angel/kernel.s                   0x00000000   Number         0  rtexit.o ABSOLUTE
    ../clib/angel/kernel.s                   0x00000000   Number         0  __rtentry2.o ABSOLUTE
    ../clib/angel/kernel.s                   0x00000000   Number         0  __rtentry4.o ABSOLUTE
    ../clib/angel/kernel.s                   0x00000000   Number         0  rtexit2.o ABSOLUTE
    ../clib/angel/kernel.s                   0x00000000   Number         0  __rtentry.o ABSOLUTE
    ../clib/angel/rt.s                       0x00000000   Number         0  rt_errno_addr.o ABSOLUTE
    ../clib/angel/rt.s                       0x00000000   Number         0  rt_locale.o ABSOLUTE
    ../clib/angel/rt.s                       0x00000000   Number         0  rt_raise.o ABSOLUTE
    ../clib/angel/rt.s                       0x00000000   Number         0  rt_locale_intlibspace.o ABSOLUTE
    ../clib/angel/rt.s                       0x00000000   Number         0  rt_errno_addr_intlibspace.o ABSOLUTE
    ../clib/angel/scatter.s                  0x00000000   Number         0  __scatter.o ABSOLUTE
    ../clib/angel/startup.s                  0x00000000   Number         0  __main.o ABSOLUTE
    ../clib/angel/sys.s                      0x00000000   Number         0  use_no_semi.o ABSOLUTE
    ../clib/angel/sys.s                      0x00000000   Number         0  indicate_semi.o ABSOLUTE
    ../clib/angel/sys.s                      0x00000000   Number         0  sys_stackheap_outer.o ABSOLUTE
    ../clib/angel/sys.s                      0x00000000   Number         0  libspace.o ABSOLUTE
    ../clib/angel/sysapp.c                   0x00000000   Number         0  sys_wrch.o ABSOLUTE
    ../clib/angel/sysapp.c                   0x00000000   Number         0  sys_command.o ABSOLUTE
    ../clib/angel/sysapp.c                   0x00000000   Number         0  sys_exit.o ABSOLUTE
    ../clib/armsys.c                         0x00000000   Number         0  argv_veneer.o ABSOLUTE
    ../clib/armsys.c                         0x00000000   Number         0  argv_veneer.o ABSOLUTE
    ../clib/armsys.c                         0x00000000   Number         0  _get_argv_nomalloc.o ABSOLUTE
    ../clib/armsys.c                         0x00000000   Number         0  no_argv.o ABSOLUTE
    ../clib/bigflt.c                         0x00000000   Number         0  bigflt0.o ABSOLUTE
    ../clib/btod.s                           0x00000000   Number         0  btod.o ABSOLUTE
    ../clib/fenv.c                           0x00000000   Number         0  _rserrno.o ABSOLUTE
    ../clib/heapalloc.c                      0x00000000   Number         0  hrguard.o ABSOLUTE
    ../clib/heapaux.c                        0x00000000   Number         0  heapauxi.o ABSOLUTE
    ../clib/libinit.s                        0x00000000   Number         0  libinit2.o ABSOLUTE
    ../clib/libinit.s                        0x00000000   Number         0  libinit.o ABSOLUTE
    ../clib/libinit.s                        0x00000000   Number         0  libshutdown.o ABSOLUTE
    ../clib/libinit.s                        0x00000000   Number         0  libshutdown2.o ABSOLUTE
    ../clib/locale.s                         0x00000000   Number         0  lc_numeric_c.o ABSOLUTE
    ../clib/longlong.s                       0x00000000   Number         0  lludiv10.o ABSOLUTE
    ../clib/memcpset.s                       0x00000000   Number         0  strcmpv7m.o ABSOLUTE
    ../clib/printf.c                         0x00000000   Number         0  __printf_ss.o ABSOLUTE
    ../clib/printf.c                         0x00000000   Number         0  __printf_flags_ss.o ABSOLUTE
    ../clib/printf.c                         0x00000000   Number         0  __printf_wp.o ABSOLUTE
    ../clib/printf.c                         0x00000000   Number         0  __printf_flags_wp.o ABSOLUTE
    ../clib/printf.c                         0x00000000   Number         0  __printf_ss_wp.o ABSOLUTE
    ../clib/printf.c                         0x00000000   Number         0  __printf_flags_ss_wp.o ABSOLUTE
    ../clib/printf.c                         0x00000000   Number         0  noretval__2sprintf.o ABSOLUTE
    ../clib/printf.c                         0x00000000   Number         0  _printf_fp_dec.o ABSOLUTE
    ../clib/printf.c                         0x00000000   Number         0  _sputc.o ABSOLUTE
    ../clib/printf.c                         0x00000000   Number         0  _printf_char_common.o ABSOLUTE
    ../clib/printf.c                         0x00000000   Number         0  __printf_nopercent.o ABSOLUTE
    ../clib/printf.c                         0x00000000   Number         0  _printf_fp_infnan.o ABSOLUTE
    ../clib/printf.c                         0x00000000   Number         0  __2sprintf.o ABSOLUTE
    ../clib/printf.c                         0x00000000   Number         0  __printf.o ABSOLUTE
    ../clib/printf.c                         0x00000000   Number         0  __printf_flags.o ABSOLUTE
    ../clib/printf_percent.s                 0x00000000   Number         0  _printf_percent_end.o ABSOLUTE
    ../clib/printf_percent.s                 0x00000000   Number         0  _printf_percent.o ABSOLUTE
    ../clib/printf_percent.s                 0x00000000   Number         0  _printf_f.o ABSOLUTE
    ../clib/signal.c                         0x00000000   Number         0  defsig_fpe_inner.o ABSOLUTE
    ../clib/signal.c                         0x00000000   Number         0  defsig_rtmem_outer.o ABSOLUTE
    ../clib/signal.c                         0x00000000   Number         0  defsig_rtmem_inner.o ABSOLUTE
    ../clib/signal.c                         0x00000000   Number         0  defsig_exit.o ABSOLUTE
    ../clib/signal.c                         0x00000000   Number         0  defsig_rtmem_formal.o ABSOLUTE
    ../clib/signal.c                         0x00000000   Number         0  defsig_segv_inner.o ABSOLUTE
    ../clib/signal.c                         0x00000000   Number         0  defsig_cppl_inner.o ABSOLUTE
    ../clib/signal.c                         0x00000000   Number         0  defsig_pvfn_inner.o ABSOLUTE
    ../clib/signal.c                         0x00000000   Number         0  defsig_stak_inner.o ABSOLUTE
    ../clib/signal.c                         0x00000000   Number         0  defsig_rtred_inner.o ABSOLUTE
    ../clib/signal.c                         0x00000000   Number         0  defsig_abrt_inner.o ABSOLUTE
    ../clib/signal.c                         0x00000000   Number         0  defsig_other.o ABSOLUTE
    ../clib/signal.c                         0x00000000   Number         0  defsig_general.o ABSOLUTE
    ../clib/signal.c                         0x00000000   Number         0  __raise.o ABSOLUTE
    ../clib/signal.s                         0x00000000   Number         0  defsig.o ABSOLUTE
    ../clib/stdlib.c                         0x00000000   Number         0  exit.o ABSOLUTE
    ../fplib/basic.s                         0x00000000   Number         0  basic.o ABSOLUTE
    ../fplib/daddsub.s                       0x00000000   Number         0  daddsub_clz.o ABSOLUTE
    ../fplib/dcheck1.s                       0x00000000   Number         0  dcheck1.o ABSOLUTE
    ../fplib/dcmpi.s                         0x00000000   Number         0  dcmpi.o ABSOLUTE
    ../fplib/ddiv.s                          0x00000000   Number         0  ddiv.o ABSOLUTE
    ../fplib/dfixu.s                         0x00000000   Number         0  dfixu.o ABSOLUTE
    ../fplib/dflt.s                          0x00000000   Number         0  dflt_clz.o ABSOLUTE
    ../fplib/dleqf.s                         0x00000000   Number         0  dleqf.o ABSOLUTE
    ../fplib/dmul.s                          0x00000000   Number         0  dmul.o ABSOLUTE
    ../fplib/dnaninf.s                       0x00000000   Number         0  dnaninf.o ABSOLUTE
    ../fplib/dretinf.s                       0x00000000   Number         0  dretinf.o ABSOLUTE
    ../fplib/drleqf.s                        0x00000000   Number         0  drleqf.o ABSOLUTE
    ../fplib/dsqrt.s                         0x00000000   Number         0  dsqrt_umaal.o ABSOLUTE
    ../fplib/fpinit.s                        0x00000000   Number         0  fpinit.o ABSOLUTE
    ../fplib/istatus.s                       0x00000000   Number         0  istatus.o ABSOLUTE
    ../fplib/printf1.s                       0x00000000   Number         0  printf1.o ABSOLUTE
    ../fplib/retnan.s                        0x00000000   Number         0  retnan.o ABSOLUTE
    ../fplib/scalbn.s                        0x00000000   Number         0  scalbn.o ABSOLUTE
    ../fplib/trapv.s                         0x00000000   Number         0  trapv.o ABSOLUTE
    ../fplib/usenofp.s                       0x00000000   Number         0  usenofp.o ABSOLUTE
    ../mathlib/dunder.c                      0x00000000   Number         0  dunder.o ABSOLUTE
    ../mathlib/fabs.c                        0x00000000   Number         0  fabs.o ABSOLUTE
    ../mathlib/fpclassify.c                  0x00000000   Number         0  fpclassify.o ABSOLUTE
    ../mathlib/poly.c                        0x00000000   Number         0  poly.o ABSOLUTE
    ../mathlib/pow.c                         0x00000000   Number         0  pow_x.o ABSOLUTE
    ../mathlib/pow.c                         0x00000000   Number         0  pow.o ABSOLUTE
    ../mathlib/qnan.c                        0x00000000   Number         0  qnan.o ABSOLUTE
    ../mathlib/sqrt.c                        0x00000000   Number         0  sqrt.o ABSOLUTE
    ../mathlib/sqrt.c                        0x00000000   Number         0  sqrt_x.o ABSOLUTE
    ADC14.c                                  0x00000000   Number         0  adc14.o ABSOLUTE
    ADC14.c                                  0x00000000   Number         0  adc14.o ABSOLUTE
    CortexM.c                                0x00000000   Number         0  cortexm.o ABSOLUTE
    CortexM.c                                0x00000000   Number         0  cortexm.o ABSOLUTE
    Lab8-ADC.c                               0x00000000   Number         0  lab8-adc.o ABSOLUTE
    Lab8-ADC.c                               0x00000000   Number         0  lab8-adc.o ABSOLUTE
    RTE\Device\MSP432P401R\startup_msp432p401r_uvision.s 0x00000000   Number         0  startup_msp432p401r_uvision.o ABSOLUTE
    RTE\Device\MSP432P401R\system_msp432p401r.c 0x00000000   Number         0  system_msp432p401r.o ABSOLUTE
    RTE\\Device\\MSP432P401R\\system_msp432p401r.c 0x00000000   Number         0  system_msp432p401r.o ABSOLUTE
    Timer32.c                                0x00000000   Number         0  timer32.o ABSOLUTE
    Timer32.c                                0x00000000   Number         0  timer32.o ABSOLUTE
    dc.s                                     0x00000000   Number         0  dc.o ABSOLUTE
    leds.c                                   0x00000000   Number         0  leds.o ABSOLUTE
    leds.c                                   0x00000000   Number         0  leds.o ABSOLUTE
    switches.c                               0x00000000   Number         0  switches.o ABSOLUTE
    switches.c                               0x00000000   Number         0  switches.o ABSOLUTE
    uart.c                                   0x00000000   Number         0  uart.o ABSOLUTE
    uart.c                                   0x00000000   Number         0  uart.o ABSOLUTE
    !!!main                                  0x00000144   Section        8  __main.o(!!!main)
    !!!scatter                               0x0000014c   Section       52  __scatter.o(!!!scatter)
    !!handler_copy                           0x00000180   Section       26  __scatter_copy.o(!!handler_copy)
    !!handler_zi                             0x0000019c   Section       28  __scatter_zi.o(!!handler_zi)
    .ARM.Collect$$_printf_percent$$00000000  0x000001b8   Section        0  _printf_percent.o(.ARM.Collect$$_printf_percent$$00000000)
    .ARM.Collect$$_printf_percent$$00000003  0x000001b8   Section        6  _printf_f.o(.ARM.Collect$$_printf_percent$$00000003)
    .ARM.Collect$$_printf_percent$$00000017  0x000001be   Section        4  _printf_percent_end.o(.ARM.Collect$$_printf_percent$$00000017)
    .ARM.Collect$$libinit$$00000000          0x000001c2   Section        2  libinit.o(.ARM.Collect$$libinit$$00000000)
    .ARM.Collect$$libinit$$00000001          0x000001c4   Section        4  libinit2.o(.ARM.Collect$$libinit$$00000001)
    .ARM.Collect$$libinit$$00000004          0x000001c8   Section        0  libinit2.o(.ARM.Collect$$libinit$$00000004)
    .ARM.Collect$$libinit$$0000000A          0x000001c8   Section        0  libinit2.o(.ARM.Collect$$libinit$$0000000A)
    .ARM.Collect$$libinit$$0000000C          0x000001c8   Section        0  libinit2.o(.ARM.Collect$$libinit$$0000000C)
    .ARM.Collect$$libinit$$0000000E          0x000001c8   Section        0  libinit2.o(.ARM.Collect$$libinit$$0000000E)
    .ARM.Collect$$libinit$$0000000F          0x000001c8   Section        6  libinit2.o(.ARM.Collect$$libinit$$0000000F)
    .ARM.Collect$$libinit$$00000011          0x000001ce   Section        0  libinit2.o(.ARM.Collect$$libinit$$00000011)
    .ARM.Collect$$libinit$$00000013          0x000001ce   Section        0  libinit2.o(.ARM.Collect$$libinit$$00000013)
    .ARM.Collect$$libinit$$00000015          0x000001ce   Section        0  libinit2.o(.ARM.Collect$$libinit$$00000015)
    .ARM.Collect$$libinit$$00000016          0x000001ce   Section       10  libinit2.o(.ARM.Collect$$libinit$$00000016)
    .ARM.Collect$$libinit$$00000017          0x000001d8   Section        0  libinit2.o(.ARM.Collect$$libinit$$00000017)
    .ARM.Collect$$libinit$$00000019          0x000001d8   Section        0  libinit2.o(.ARM.Collect$$libinit$$00000019)
    .ARM.Collect$$libinit$$0000001B          0x000001d8   Section        0  libinit2.o(.ARM.Collect$$libinit$$0000001B)
    .ARM.Collect$$libinit$$0000001D          0x000001d8   Section        0  libinit2.o(.ARM.Collect$$libinit$$0000001D)
    .ARM.Collect$$libinit$$0000001F          0x000001d8   Section        0  libinit2.o(.ARM.Collect$$libinit$$0000001F)
    .ARM.Collect$$libinit$$00000021          0x000001d8   Section        0  libinit2.o(.ARM.Collect$$libinit$$00000021)
    .ARM.Collect$$libinit$$00000023          0x000001d8   Section        0  libinit2.o(.ARM.Collect$$libinit$$00000023)
    .ARM.Collect$$libinit$$00000025          0x000001d8   Section        0  libinit2.o(.ARM.Collect$$libinit$$00000025)
    .ARM.Collect$$libinit$$0000002C          0x000001d8   Section        0  libinit2.o(.ARM.Collect$$libinit$$0000002C)
    .ARM.Collect$$libinit$$0000002E          0x000001d8   Section        0  libinit2.o(.ARM.Collect$$libinit$$0000002E)
    .ARM.Collect$$libinit$$00000030          0x000001d8   Section        0  libinit2.o(.ARM.Collect$$libinit$$00000030)
    .ARM.Collect$$libinit$$00000032          0x000001d8   Section        0  libinit2.o(.ARM.Collect$$libinit$$00000032)
    .ARM.Collect$$libinit$$00000033          0x000001d8   Section        2  libinit2.o(.ARM.Collect$$libinit$$00000033)
    .ARM.Collect$$libshutdown$$00000000      0x000001da   Section        2  libshutdown.o(.ARM.Collect$$libshutdown$$00000000)
    .ARM.Collect$$libshutdown$$00000002      0x000001dc   Section        0  libshutdown2.o(.ARM.Collect$$libshutdown$$00000002)
    .ARM.Collect$$libshutdown$$00000004      0x000001dc   Section        0  libshutdown2.o(.ARM.Collect$$libshutdown$$00000004)
    .ARM.Collect$$libshutdown$$00000007      0x000001dc   Section        0  libshutdown2.o(.ARM.Collect$$libshutdown$$00000007)
    .ARM.Collect$$libshutdown$$0000000A      0x000001dc   Section        0  libshutdown2.o(.ARM.Collect$$libshutdown$$0000000A)
    .ARM.Collect$$libshutdown$$0000000C      0x000001dc   Section        0  libshutdown2.o(.ARM.Collect$$libshutdown$$0000000C)
    .ARM.Collect$$libshutdown$$0000000F      0x000001dc   Section        0  libshutdown2.o(.ARM.Collect$$libshutdown$$0000000F)
    .ARM.Collect$$libshutdown$$00000010      0x000001dc   Section        2  libshutdown2.o(.ARM.Collect$$libshutdown$$00000010)
    .ARM.Collect$$rtentry$$00000000          0x000001de   Section        0  __rtentry.o(.ARM.Collect$$rtentry$$00000000)
    .ARM.Collect$$rtentry$$00000002          0x000001de   Section        0  __rtentry2.o(.ARM.Collect$$rtentry$$00000002)
    .ARM.Collect$$rtentry$$00000004          0x000001de   Section        6  __rtentry4.o(.ARM.Collect$$rtentry$$00000004)
    .ARM.Collect$$rtentry$$00000009          0x000001e4   Section        0  __rtentry2.o(.ARM.Collect$$rtentry$$00000009)
    .ARM.Collect$$rtentry$$0000000A          0x000001e4   Section        4  __rtentry2.o(.ARM.Collect$$rtentry$$0000000A)
    .ARM.Collect$$rtentry$$0000000C          0x000001e8   Section        0  __rtentry2.o(.ARM.Collect$$rtentry$$0000000C)
    .ARM.Collect$$rtentry$$0000000D          0x000001e8   Section        8  __rtentry2.o(.ARM.Collect$$rtentry$$0000000D)
    .ARM.Collect$$rtexit$$00000000           0x000001f0   Section        2  rtexit.o(.ARM.Collect$$rtexit$$00000000)
    .ARM.Collect$$rtexit$$00000002           0x000001f2   Section        0  rtexit2.o(.ARM.Collect$$rtexit$$00000002)
    .ARM.Collect$$rtexit$$00000003           0x000001f2   Section        4  rtexit2.o(.ARM.Collect$$rtexit$$00000003)
    .ARM.Collect$$rtexit$$00000004           0x000001f6   Section        6  rtexit2.o(.ARM.Collect$$rtexit$$00000004)
    .emb_text                                0x000001fc   Section       32  cortexm.o(.emb_text)
    $v0                                      0x000001fc   Number         0  cortexm.o(.emb_text)
    .text                                    0x0000021c   Section       64  startup_msp432p401r_uvision.o(.text)
    $v0                                      0x0000021c   Number         0  startup_msp432p401r_uvision.o(.text)
    .text                                    0x0000025c   Section        0  noretval__2sprintf.o(.text)
    .text                                    0x00000284   Section        0  __printf.o(.text)
    .text                                    0x000002ec   Section        0  heapauxi.o(.text)
    .text                                    0x000002f2   Section        0  _rserrno.o(.text)
    .text                                    0x00000308   Section        0  _printf_fp_dec.o(.text)
    _fp_digits                               0x0000030b   Thumb Code   432  _printf_fp_dec.o(.text)
    .text                                    0x00000728   Section        0  _printf_char_common.o(.text)
    _printf_input_char                       0x00000729   Thumb Code    10  _printf_char_common.o(.text)
    .text                                    0x00000758   Section        0  _sputc.o(.text)
    .text                                    0x00000764   Section        8  rt_locale_intlibspace.o(.text)
    .text                                    0x0000076c   Section        8  rt_errno_addr_intlibspace.o(.text)
    .text                                    0x00000774   Section      138  lludiv10.o(.text)
    .text                                    0x00000800   Section        0  _printf_fp_infnan.o(.text)
    .text                                    0x00000880   Section        0  bigflt0.o(.text)
    .text                                    0x00000964   Section        8  libspace.o(.text)
    .text                                    0x0000096c   Section       74  sys_stackheap_outer.o(.text)
    .text                                    0x000009b6   Section        0  exit.o(.text)
    .text                                    0x000009c8   Section      128  strcmpv7m.o(.text)
    .text                                    0x00000a48   Section        0  sys_exit.o(.text)
    .text                                    0x00000a54   Section        2  use_no_semi.o(.text)
    .text                                    0x00000a56   Section        0  indicate_semi.o(.text)
    CL$$btod_d2e                             0x00000a56   Section       62  btod.o(CL$$btod_d2e)
    CL$$btod_d2e_denorm_low                  0x00000a94   Section       70  btod.o(CL$$btod_d2e_denorm_low)
    CL$$btod_d2e_norm_op1                    0x00000ada   Section       96  btod.o(CL$$btod_d2e_norm_op1)
    CL$$btod_div_common                      0x00000b3a   Section      824  btod.o(CL$$btod_div_common)
    CL$$btod_e2e                             0x00000e72   Section      220  btod.o(CL$$btod_e2e)
    CL$$btod_ediv                            0x00000f4e   Section       42  btod.o(CL$$btod_ediv)
    CL$$btod_emul                            0x00000f78   Section       42  btod.o(CL$$btod_emul)
    CL$$btod_mult_common                     0x00000fa2   Section      580  btod.o(CL$$btod_mult_common)
    i.ADC0_InitSWTriggerCh6                  0x000011e8   Section        0  adc14.o(i.ADC0_InitSWTriggerCh6)
    i.ADC_In                                 0x0000127c   Section        0  adc14.o(i.ADC_In)
    i.CalcPeriodFromFrequency                0x000012b8   Section        0  timer32.o(i.CalcPeriodFromFrequency)
    i.LED1_Init                              0x00001320   Section        0  leds.o(i.LED1_Init)
    i.LED2_Init                              0x00001364   Section        0  leds.o(i.LED2_Init)
    i.Switch2_Init                           0x00001414   Section        0  switches.o(i.Switch2_Init)
    i.SystemInit                             0x0000145c   Section        0  system_msp432p401r.o(i.SystemInit)
    i.T32_INT1_IRQHandler                    0x00001510   Section        0  timer32.o(i.T32_INT1_IRQHandler)
    i.T32_INT2_IRQHandler                    0x00001534   Section        0  timer32.o(i.T32_INT2_IRQHandler)
    i.Timer32_1_ISR                          0x00001558   Section        0  lab8-adc.o(i.Timer32_1_ISR)
    i.Timer32_1_Init                         0x000016cc   Section        0  timer32.o(i.Timer32_1_Init)
    i.__ARM_fpclassify                       0x000017b0   Section        0  fpclassify.o(i.__ARM_fpclassify)
    i.__hardfp_pow                           0x000017e0   Section        0  pow.o(i.__hardfp_pow)
    i.__kernel_poly                          0x00002430   Section        0  poly.o(i.__kernel_poly)
    i.__mathlib_dbl_divzero                  0x00002528   Section        0  dunder.o(i.__mathlib_dbl_divzero)
    i.__mathlib_dbl_infnan2                  0x00002558   Section        0  dunder.o(i.__mathlib_dbl_infnan2)
    i.__mathlib_dbl_invalid                  0x00002570   Section        0  dunder.o(i.__mathlib_dbl_invalid)
    i.__mathlib_dbl_overflow                 0x00002590   Section        0  dunder.o(i.__mathlib_dbl_overflow)
    i.__mathlib_dbl_underflow                0x000025b0   Section        0  dunder.o(i.__mathlib_dbl_underflow)
    i.fabs                                   0x000025d0   Section        0  fabs.o(i.fabs)
    i.main                                   0x000025e8   Section        0  lab8-adc.o(i.main)
    i.sqrt                                   0x00002644   Section        0  sqrt.o(i.sqrt)
    i.uart0_init                             0x000026b4   Section        0  uart.o(i.uart0_init)
    i.uart0_put                              0x00002748   Section        0  uart.o(i.uart0_put)
    i.uart0_putchar                          0x00002760   Section        0  uart.o(i.uart0_putchar)
    locale$$code                             0x00002778   Section       44  lc_numeric_c.o(locale$$code)
    x$fpl$basic                              0x000027a4   Section       24  basic.o(x$fpl$basic)
    $v0                                      0x000027a4   Number         0  basic.o(x$fpl$basic)
    x$fpl$dadd                               0x000027bc   Section      336  daddsub_clz.o(x$fpl$dadd)
    $v0                                      0x000027bc   Number         0  daddsub_clz.o(x$fpl$dadd)
    _dadd1                                   0x000027cd   Thumb Code     0  daddsub_clz.o(x$fpl$dadd)
    x$fpl$dcheck1                            0x0000290c   Section       16  dcheck1.o(x$fpl$dcheck1)
    $v0                                      0x0000290c   Number         0  dcheck1.o(x$fpl$dcheck1)
    x$fpl$dcmpinf                            0x0000291c   Section       24  dcmpi.o(x$fpl$dcmpinf)
    $v0                                      0x0000291c   Number         0  dcmpi.o(x$fpl$dcmpinf)
    x$fpl$ddiv                               0x00002934   Section      688  ddiv.o(x$fpl$ddiv)
    $v0                                      0x00002934   Number         0  ddiv.o(x$fpl$ddiv)
    ddiv_entry                               0x0000293b   Thumb Code     0  ddiv.o(x$fpl$ddiv)
    x$fpl$dfixu                              0x00002be4   Section       90  dfixu.o(x$fpl$dfixu)
    $v0                                      0x00002be4   Number         0  dfixu.o(x$fpl$dfixu)
    x$fpl$dflt                               0x00002c3e   Section       46  dflt_clz.o(x$fpl$dflt)
    $v0                                      0x00002c3e   Number         0  dflt_clz.o(x$fpl$dflt)
    x$fpl$dfltu                              0x00002c6c   Section       38  dflt_clz.o(x$fpl$dfltu)
    $v0                                      0x00002c6c   Number         0  dflt_clz.o(x$fpl$dfltu)
    x$fpl$dleqf                              0x00002c94   Section      120  dleqf.o(x$fpl$dleqf)
    $v0                                      0x00002c94   Number         0  dleqf.o(x$fpl$dleqf)
    x$fpl$dmul                               0x00002d0c   Section      340  dmul.o(x$fpl$dmul)
    $v0                                      0x00002d0c   Number         0  dmul.o(x$fpl$dmul)
    x$fpl$dnaninf                            0x00002e60   Section      156  dnaninf.o(x$fpl$dnaninf)
    $v0                                      0x00002e60   Number         0  dnaninf.o(x$fpl$dnaninf)
    x$fpl$dretinf                            0x00002efc   Section       12  dretinf.o(x$fpl$dretinf)
    $v0                                      0x00002efc   Number         0  dretinf.o(x$fpl$dretinf)
    x$fpl$drleqf                             0x00002f08   Section      108  drleqf.o(x$fpl$drleqf)
    $v0                                      0x00002f08   Number         0  drleqf.o(x$fpl$drleqf)
    x$fpl$drsb                               0x00002f74   Section       22  daddsub_clz.o(x$fpl$drsb)
    $v0                                      0x00002f74   Number         0  daddsub_clz.o(x$fpl$drsb)
    x$fpl$dsqrt                              0x00002f8c   Section      408  dsqrt_umaal.o(x$fpl$dsqrt)
    $v0                                      0x00002f8c   Number         0  dsqrt_umaal.o(x$fpl$dsqrt)
    x$fpl$dsub                               0x00003124   Section      468  daddsub_clz.o(x$fpl$dsub)
    $v0                                      0x00003124   Number         0  daddsub_clz.o(x$fpl$dsub)
    _dsub1                                   0x00003135   Thumb Code     0  daddsub_clz.o(x$fpl$dsub)
    x$fpl$fpinit                             0x000032f8   Section       10  fpinit.o(x$fpl$fpinit)
    $v0                                      0x000032f8   Number         0  fpinit.o(x$fpl$fpinit)
    x$fpl$printf1                            0x00003302   Section        4  printf1.o(x$fpl$printf1)
    $v0                                      0x00003302   Number         0  printf1.o(x$fpl$printf1)
    x$fpl$retnan                             0x00003306   Section      100  retnan.o(x$fpl$retnan)
    $v0                                      0x00003306   Number         0  retnan.o(x$fpl$retnan)
    x$fpl$scalbn                             0x0000336a   Section       92  scalbn.o(x$fpl$scalbn)
    $v0                                      0x0000336a   Number         0  scalbn.o(x$fpl$scalbn)
    x$fpl$trapveneer                         0x000033c6   Section       48  trapv.o(x$fpl$trapveneer)
    $v0                                      0x000033c6   Number         0  trapv.o(x$fpl$trapveneer)
    x$fpl$usenofp                            0x000033f6   Section        0  usenofp.o(x$fpl$usenofp)
    .constdata                               0x000033f8   Section      136  pow.o(.constdata)
    bp                                       0x000033f8   Data          16  pow.o(.constdata)
    dp_h                                     0x00003408   Data          16  pow.o(.constdata)
    dp_l                                     0x00003418   Data          16  pow.o(.constdata)
    L                                        0x00003428   Data          48  pow.o(.constdata)
    P                                        0x00003458   Data          40  pow.o(.constdata)
    .constdata                               0x00003480   Section        8  qnan.o(.constdata)
    .constdata                               0x00003488   Section      148  bigflt0.o(.constdata)
    tenpwrs_x                                0x00003488   Data          60  bigflt0.o(.constdata)
    tenpwrs_i                                0x000034c4   Data          64  bigflt0.o(.constdata)
    locale$$data                             0x0000353c   Section       28  lc_numeric_c.o(locale$$data)
    __lcnum_c_name                           0x00003540   Data           2  lc_numeric_c.o(locale$$data)
    __lcnum_c_start                          0x00003548   Data           0  lc_numeric_c.o(locale$$data)
    __lcnum_c_point                          0x00003554   Data           0  lc_numeric_c.o(locale$$data)
    __lcnum_c_thousands                      0x00003556   Data           0  lc_numeric_c.o(locale$$data)
    __lcnum_c_grouping                       0x00003557   Data           0  lc_numeric_c.o(locale$$data)
    __lcnum_c_end                            0x00003558   Data           0  lc_numeric_c.o(locale$$data)
    .data                                    0x20000000   Section       25  timer32.o(.data)
    timer1Period                             0x20000010   Data           4  timer32.o(.data)
    timer2Period                             0x20000014   Data           4  timer32.o(.data)
    .data                                    0x2000001c   Section        4  system_msp432p401r.o(.data)
    .bss                                     0x20000020   Section       96  libspace.o(.bss)
    HEAP                                     0x20000080   Section      512  startup_msp432p401r_uvision.o(HEAP)
    Heap_Mem                                 0x20000080   Data         512  startup_msp432p401r_uvision.o(HEAP)
    STACK                                    0x20000280   Section      512  startup_msp432p401r_uvision.o(STACK)
    Stack_Mem                                0x20000280   Data         512  startup_msp432p401r_uvision.o(STACK)
    __initial_sp                             0x20000480   Data           0  startup_msp432p401r_uvision.o(STACK)

    Global Symbols

    Symbol Name                              Value     Ov Type        Size  Object(Section)

    BuildAttributes$$THM_ISAv4$E$P$D$K$B$S$7EM$VFPi3$EXTD16$VFPS$VFMA$PE$A:L22UL41UL21$X:L11$S22US41US21$IEEE1$IW$USESV6$~STKCKD$USESV7$~SHL$OTIME$ROPI$IEEEX$EBA8$UX$STANDARDLIB$REQ8$PRES8$EABIv2 0x00000000   Number         0  anon$$obj.o ABSOLUTE
    __ARM_use_no_argv                        0x00000000   Number         0  lab8-adc.o ABSOLUTE
    __Vectors                                0x00000000   Data           4  startup_msp432p401r_uvision.o(RESET)
    __ARM_exceptions_init                     - Undefined Weak Reference
    __alloca_initialize                       - Undefined Weak Reference
    __arm_preinit_                            - Undefined Weak Reference
    __cpp_initialize__aeabi_                  - Undefined Weak Reference
    __cxa_finalize                            - Undefined Weak Reference
    __sigvec_lookup                           - Undefined Weak Reference
    _atexit_init                              - Undefined Weak Reference
    _call_atexit_fns                          - Undefined Weak Reference
    _clock_init                               - Undefined Weak Reference
    _fp_trap_init                             - Undefined Weak Reference
    _fp_trap_shutdown                         - Undefined Weak Reference
    _get_lc_collate                           - Undefined Weak Reference
    _get_lc_ctype                             - Undefined Weak Reference
    _get_lc_monetary                          - Undefined Weak Reference
    _get_lc_time                              - Undefined Weak Reference
    _getenv_init                              - Undefined Weak Reference
    _handle_redirection                       - Undefined Weak Reference
    _init_alloc                               - Undefined Weak Reference
    _init_user_alloc                          - Undefined Weak Reference
    _initio                                   - Undefined Weak Reference
    _printf_post_padding                      - Undefined Weak Reference
    _printf_pre_padding                       - Undefined Weak Reference
    _rand_init                                - Undefined Weak Reference
    _signal_finish                            - Undefined Weak Reference
    _signal_init                              - Undefined Weak Reference
    _terminate_alloc                          - Undefined Weak Reference
    _terminate_user_alloc                     - Undefined Weak Reference
    _terminateio                              - Undefined Weak Reference
    __Vectors_End                            0x00000144   Data           0  startup_msp432p401r_uvision.o(RESET)
    __Vectors_Size                           0x00000144   Number         0  startup_msp432p401r_uvision.o ABSOLUTE
    __main                                   0x00000145   Thumb Code     8  __main.o(!!!main)
    __scatterload                            0x0000014d   Thumb Code     0  __scatter.o(!!!scatter)
    __scatterload_rt2                        0x0000014d   Thumb Code    44  __scatter.o(!!!scatter)
    __scatterload_rt2_thumb_only             0x0000014d   Thumb Code     0  __scatter.o(!!!scatter)
    __scatterload_null                       0x0000015b   Thumb Code     0  __scatter.o(!!!scatter)
    __scatterload_copy                       0x00000181   Thumb Code    26  __scatter_copy.o(!!handler_copy)
    __scatterload_zeroinit                   0x0000019d   Thumb Code    28  __scatter_zi.o(!!handler_zi)
    _printf_f                                0x000001b9   Thumb Code     0  _printf_f.o(.ARM.Collect$$_printf_percent$$00000003)
    _printf_percent                          0x000001b9   Thumb Code     0  _printf_percent.o(.ARM.Collect$$_printf_percent$$00000000)
    _printf_percent_end                      0x000001bf   Thumb Code     0  _printf_percent_end.o(.ARM.Collect$$_printf_percent$$00000017)
    __rt_lib_init                            0x000001c3   Thumb Code     0  libinit.o(.ARM.Collect$$libinit$$00000000)
    __rt_lib_init_fp_1                       0x000001c5   Thumb Code     0  libinit2.o(.ARM.Collect$$libinit$$00000001)
    __rt_lib_init_heap_1                     0x000001c9   Thumb Code     0  libinit2.o(.ARM.Collect$$libinit$$0000000A)
    __rt_lib_init_lc_common                  0x000001c9   Thumb Code     0  libinit2.o(.ARM.Collect$$libinit$$0000000F)
    __rt_lib_init_preinit_1                  0x000001c9   Thumb Code     0  libinit2.o(.ARM.Collect$$libinit$$00000004)
    __rt_lib_init_rand_1                     0x000001c9   Thumb Code     0  libinit2.o(.ARM.Collect$$libinit$$0000000E)
    __rt_lib_init_user_alloc_1               0x000001c9   Thumb Code     0  libinit2.o(.ARM.Collect$$libinit$$0000000C)
    __rt_lib_init_lc_collate_1               0x000001cf   Thumb Code     0  libinit2.o(.ARM.Collect$$libinit$$00000011)
    __rt_lib_init_lc_ctype_1                 0x000001cf   Thumb Code     0  libinit2.o(.ARM.Collect$$libinit$$00000013)
    __rt_lib_init_lc_monetary_1              0x000001cf   Thumb Code     0  libinit2.o(.ARM.Collect$$libinit$$00000015)
    __rt_lib_init_lc_numeric_2               0x000001cf   Thumb Code     0  libinit2.o(.ARM.Collect$$libinit$$00000016)
    __rt_lib_init_alloca_1                   0x000001d9   Thumb Code     0  libinit2.o(.ARM.Collect$$libinit$$0000002E)
    __rt_lib_init_argv_1                     0x000001d9   Thumb Code     0  libinit2.o(.ARM.Collect$$libinit$$0000002C)
    __rt_lib_init_atexit_1                   0x000001d9   Thumb Code     0  libinit2.o(.ARM.Collect$$libinit$$0000001B)
    __rt_lib_init_clock_1                    0x000001d9   Thumb Code     0  libinit2.o(.ARM.Collect$$libinit$$00000021)
    __rt_lib_init_cpp_1                      0x000001d9   Thumb Code     0  libinit2.o(.ARM.Collect$$libinit$$00000032)
    __rt_lib_init_exceptions_1               0x000001d9   Thumb Code     0  libinit2.o(.ARM.Collect$$libinit$$00000030)
    __rt_lib_init_fp_trap_1                  0x000001d9   Thumb Code     0  libinit2.o(.ARM.Collect$$libinit$$0000001F)
    __rt_lib_init_getenv_1                   0x000001d9   Thumb Code     0  libinit2.o(.ARM.Collect$$libinit$$00000023)
    __rt_lib_init_lc_numeric_1               0x000001d9   Thumb Code     0  libinit2.o(.ARM.Collect$$libinit$$00000017)
    __rt_lib_init_lc_time_1                  0x000001d9   Thumb Code     0  libinit2.o(.ARM.Collect$$libinit$$00000019)
    __rt_lib_init_return                     0x000001d9   Thumb Code     0  libinit2.o(.ARM.Collect$$libinit$$00000033)
    __rt_lib_init_signal_1                   0x000001d9   Thumb Code     0  libinit2.o(.ARM.Collect$$libinit$$0000001D)
    __rt_lib_init_stdio_1                    0x000001d9   Thumb Code     0  libinit2.o(.ARM.Collect$$libinit$$00000025)
    __rt_lib_shutdown                        0x000001db   Thumb Code     0  libshutdown.o(.ARM.Collect$$libshutdown$$00000000)
    __rt_lib_shutdown_cpp_1                  0x000001dd   Thumb Code     0  libshutdown2.o(.ARM.Collect$$libshutdown$$00000002)
    __rt_lib_shutdown_fp_trap_1              0x000001dd   Thumb Code     0  libshutdown2.o(.ARM.Collect$$libshutdown$$00000007)
    __rt_lib_shutdown_heap_1                 0x000001dd   Thumb Code     0  libshutdown2.o(.ARM.Collect$$libshutdown$$0000000F)
    __rt_lib_shutdown_return                 0x000001dd   Thumb Code     0  libshutdown2.o(.ARM.Collect$$libshutdown$$00000010)
    __rt_lib_shutdown_signal_1               0x000001dd   Thumb Code     0  libshutdown2.o(.ARM.Collect$$libshutdown$$0000000A)
    __rt_lib_shutdown_stdio_1                0x000001dd   Thumb Code     0  libshutdown2.o(.ARM.Collect$$libshutdown$$00000004)
    __rt_lib_shutdown_user_alloc_1           0x000001dd   Thumb Code     0  libshutdown2.o(.ARM.Collect$$libshutdown$$0000000C)
    __rt_entry                               0x000001df   Thumb Code     0  __rtentry.o(.ARM.Collect$$rtentry$$00000000)
    __rt_entry_presh_1                       0x000001df   Thumb Code     0  __rtentry2.o(.ARM.Collect$$rtentry$$00000002)
    __rt_entry_sh                            0x000001df   Thumb Code     0  __rtentry4.o(.ARM.Collect$$rtentry$$00000004)
    __rt_entry_li                            0x000001e5   Thumb Code     0  __rtentry2.o(.ARM.Collect$$rtentry$$0000000A)
    __rt_entry_postsh_1                      0x000001e5   Thumb Code     0  __rtentry2.o(.ARM.Collect$$rtentry$$00000009)
    __rt_entry_main                          0x000001e9   Thumb Code     0  __rtentry2.o(.ARM.Collect$$rtentry$$0000000D)
    __rt_entry_postli_1                      0x000001e9   Thumb Code     0  __rtentry2.o(.ARM.Collect$$rtentry$$0000000C)
    __rt_exit                                0x000001f1   Thumb Code     0  rtexit.o(.ARM.Collect$$rtexit$$00000000)
    __rt_exit_ls                             0x000001f3   Thumb Code     0  rtexit2.o(.ARM.Collect$$rtexit$$00000003)
    __rt_exit_prels_1                        0x000001f3   Thumb Code     0  rtexit2.o(.ARM.Collect$$rtexit$$00000002)
    __rt_exit_exit                           0x000001f7   Thumb Code     0  rtexit2.o(.ARM.Collect$$rtexit$$00000004)
    DisableInterrupts                        0x000001fd   Thumb Code     4  cortexm.o(.emb_text)
    EnableInterrupts                         0x00000201   Thumb Code     4  cortexm.o(.emb_text)
    StartCritical                            0x00000205   Thumb Code     8  cortexm.o(.emb_text)
    EndCritical                              0x0000020d   Thumb Code     6  cortexm.o(.emb_text)
    WaitForInterrupt                         0x00000213   Thumb Code     4  cortexm.o(.emb_text)
    delay                                    0x00000217   Thumb Code     6  cortexm.o(.emb_text)
    Reset_Handler                            0x0000021d   Thumb Code     8  startup_msp432p401r_uvision.o(.text)
    NMI_Handler                              0x00000225   Thumb Code     2  startup_msp432p401r_uvision.o(.text)
    HardFault_Handler                        0x00000227   Thumb Code     2  startup_msp432p401r_uvision.o(.text)
    MemManage_Handler                        0x00000229   Thumb Code     2  startup_msp432p401r_uvision.o(.text)
    BusFault_Handler                         0x0000022b   Thumb Code     2  startup_msp432p401r_uvision.o(.text)
    UsageFault_Handler                       0x0000022d   Thumb Code     2  startup_msp432p401r_uvision.o(.text)
    SVC_Handler                              0x0000022f   Thumb Code     2  startup_msp432p401r_uvision.o(.text)
    DebugMon_Handler                         0x00000231   Thumb Code     2  startup_msp432p401r_uvision.o(.text)
    PendSV_Handler                           0x00000233   Thumb Code     2  startup_msp432p401r_uvision.o(.text)
    SysTick_Handler                          0x00000235   Thumb Code     2  startup_msp432p401r_uvision.o(.text)
    ADC14_IRQHandler                         0x00000237   Thumb Code     0  startup_msp432p401r_uvision.o(.text)
    AES256_IRQHandler                        0x00000237   Thumb Code     0  startup_msp432p401r_uvision.o(.text)
    COMP_E0_IRQHandler                       0x00000237   Thumb Code     0  startup_msp432p401r_uvision.o(.text)
    COMP_E1_IRQHandler                       0x00000237   Thumb Code     0  startup_msp432p401r_uvision.o(.text)
    CS_IRQHandler                            0x00000237   Thumb Code     0  startup_msp432p401r_uvision.o(.text)
    DMA_ERR_IRQHandler                       0x00000237   Thumb Code     0  startup_msp432p401r_uvision.o(.text)
    DMA_INT0_IRQHandler                      0x00000237   Thumb Code     0  startup_msp432p401r_uvision.o(.text)
    DMA_INT1_IRQHandler                      0x00000237   Thumb Code     0  startup_msp432p401r_uvision.o(.text)
    DMA_INT2_IRQHandler                      0x00000237   Thumb Code     0  startup_msp432p401r_uvision.o(.text)
    DMA_INT3_IRQHandler                      0x00000237   Thumb Code     0  startup_msp432p401r_uvision.o(.text)
    EUSCIA0_IRQHandler                       0x00000237   Thumb Code     0  startup_msp432p401r_uvision.o(.text)
    EUSCIA1_IRQHandler                       0x00000237   Thumb Code     0  startup_msp432p401r_uvision.o(.text)
    EUSCIA2_IRQHandler                       0x00000237   Thumb Code     0  startup_msp432p401r_uvision.o(.text)
    EUSCIA3_IRQHandler                       0x00000237   Thumb Code     0  startup_msp432p401r_uvision.o(.text)
    EUSCIB0_IRQHandler                       0x00000237   Thumb Code     0  startup_msp432p401r_uvision.o(.text)
    EUSCIB1_IRQHandler                       0x00000237   Thumb Code     0  startup_msp432p401r_uvision.o(.text)
    EUSCIB2_IRQHandler                       0x00000237   Thumb Code     0  startup_msp432p401r_uvision.o(.text)
    EUSCIB3_IRQHandler                       0x00000237   Thumb Code     0  startup_msp432p401r_uvision.o(.text)
    FLCTL_IRQHandler                         0x00000237   Thumb Code     0  startup_msp432p401r_uvision.o(.text)
    FPU_IRQHandler                           0x00000237   Thumb Code     0  startup_msp432p401r_uvision.o(.text)
    PCM_IRQHandler                           0x00000237   Thumb Code     0  startup_msp432p401r_uvision.o(.text)
    PORT1_IRQHandler                         0x00000237   Thumb Code     0  startup_msp432p401r_uvision.o(.text)
    PORT2_IRQHandler                         0x00000237   Thumb Code     0  startup_msp432p401r_uvision.o(.text)
    PORT3_IRQHandler                         0x00000237   Thumb Code     0  startup_msp432p401r_uvision.o(.text)
    PORT4_IRQHandler                         0x00000237   Thumb Code     0  startup_msp432p401r_uvision.o(.text)
    PORT5_IRQHandler                         0x00000237   Thumb Code     0  startup_msp432p401r_uvision.o(.text)
    PORT6_IRQHandler                         0x00000237   Thumb Code     0  startup_msp432p401r_uvision.o(.text)
    PSS_IRQHandler                           0x00000237   Thumb Code     0  startup_msp432p401r_uvision.o(.text)
    RTC_C_IRQHandler                         0x00000237   Thumb Code     0  startup_msp432p401r_uvision.o(.text)
    T32_INTC_IRQHandler                      0x00000237   Thumb Code     0  startup_msp432p401r_uvision.o(.text)
    TA0_0_IRQHandler                         0x00000237   Thumb Code     0  startup_msp432p401r_uvision.o(.text)
    TA0_N_IRQHandler                         0x00000237   Thumb Code     0  startup_msp432p401r_uvision.o(.text)
    TA1_0_IRQHandler                         0x00000237   Thumb Code     0  startup_msp432p401r_uvision.o(.text)
    TA1_N_IRQHandler                         0x00000237   Thumb Code     0  startup_msp432p401r_uvision.o(.text)
    TA2_0_IRQHandler                         0x00000237   Thumb Code     0  startup_msp432p401r_uvision.o(.text)
    TA2_N_IRQHandler                         0x00000237   Thumb Code     0  startup_msp432p401r_uvision.o(.text)
    TA3_0_IRQHandler                         0x00000237   Thumb Code     0  startup_msp432p401r_uvision.o(.text)
    TA3_N_IRQHandler                         0x00000237   Thumb Code     0  startup_msp432p401r_uvision.o(.text)
    WDT_A_IRQHandler                         0x00000237   Thumb Code     0  startup_msp432p401r_uvision.o(.text)
    __user_initial_stackheap                 0x00000239   Thumb Code    10  startup_msp432p401r_uvision.o(.text)
    __2sprintf                               0x0000025d   Thumb Code    34  noretval__2sprintf.o(.text)
    __printf                                 0x00000285   Thumb Code   104  __printf.o(.text)
    __use_two_region_memory                  0x000002ed   Thumb Code     2  heapauxi.o(.text)
    __rt_heap_escrow$2region                 0x000002ef   Thumb Code     2  heapauxi.o(.text)
    __rt_heap_expand$2region                 0x000002f1   Thumb Code     2  heapauxi.o(.text)
    __read_errno                             0x000002f3   Thumb Code    10  _rserrno.o(.text)
    __set_errno                              0x000002fd   Thumb Code    12  _rserrno.o(.text)
    __lib_sel_fp_printf                      0x00000309   Thumb Code     2  _printf_fp_dec.o(.text)
    _printf_fp_dec_real                      0x000004bb   Thumb Code   620  _printf_fp_dec.o(.text)
    _printf_char_common                      0x00000733   Thumb Code    32  _printf_char_common.o(.text)
    _sputc                                   0x00000759   Thumb Code    10  _sputc.o(.text)
    __rt_locale                              0x00000765   Thumb Code     8  rt_locale_intlibspace.o(.text)
    __aeabi_errno_addr                       0x0000076d   Thumb Code     8  rt_errno_addr_intlibspace.o(.text)
    __errno$intlibspace                      0x0000076d   Thumb Code     0  rt_errno_addr_intlibspace.o(.text)
    __rt_errno_addr$intlibspace              0x0000076d   Thumb Code     0  rt_errno_addr_intlibspace.o(.text)
    _ll_udiv10                               0x00000775   Thumb Code   138  lludiv10.o(.text)
    _printf_fp_infnan                        0x00000801   Thumb Code   112  _printf_fp_infnan.o(.text)
    _btod_etento                             0x00000881   Thumb Code   224  bigflt0.o(.text)
    __user_libspace                          0x00000965   Thumb Code     8  libspace.o(.text)
    __user_perproc_libspace                  0x00000965   Thumb Code     0  libspace.o(.text)
    __user_perthread_libspace                0x00000965   Thumb Code     0  libspace.o(.text)
    __user_setup_stackheap                   0x0000096d   Thumb Code    74  sys_stackheap_outer.o(.text)
    exit                                     0x000009b7   Thumb Code    18  exit.o(.text)
    strcmp                                   0x000009c9   Thumb Code   128  strcmpv7m.o(.text)
    _sys_exit                                0x00000a49   Thumb Code     8  sys_exit.o(.text)
    __I$use$semihosting                      0x00000a55   Thumb Code     0  use_no_semi.o(.text)
    __use_no_semihosting_swi                 0x00000a55   Thumb Code     2  use_no_semi.o(.text)
    __semihosting_library_function           0x00000a57   Thumb Code     0  indicate_semi.o(.text)
    _btod_d2e                                0x00000a57   Thumb Code    62  btod.o(CL$$btod_d2e)
    _d2e_denorm_low                          0x00000a95   Thumb Code    70  btod.o(CL$$btod_d2e_denorm_low)
    _d2e_norm_op1                            0x00000adb   Thumb Code    96  btod.o(CL$$btod_d2e_norm_op1)
    __btod_div_common                        0x00000b3b   Thumb Code   696  btod.o(CL$$btod_div_common)
    _e2e                                     0x00000e73   Thumb Code   220  btod.o(CL$$btod_e2e)
    _btod_ediv                               0x00000f4f   Thumb Code    42  btod.o(CL$$btod_ediv)
    _btod_emul                               0x00000f79   Thumb Code    42  btod.o(CL$$btod_emul)
    __btod_mult_common                       0x00000fa3   Thumb Code   580  btod.o(CL$$btod_mult_common)
    ADC0_InitSWTriggerCh6                    0x000011e9   Thumb Code   126  adc14.o(i.ADC0_InitSWTriggerCh6)
    ADC_In                                   0x0000127d   Thumb Code    52  adc14.o(i.ADC_In)
    CalcPeriodFromFrequency                  0x000012b9   Thumb Code    84  timer32.o(i.CalcPeriodFromFrequency)
    LED1_Init                                0x00001321   Thumb Code    62  leds.o(i.LED1_Init)
    LED2_Init                                0x00001365   Thumb Code   170  leds.o(i.LED2_Init)
    Switch2_Init                             0x00001415   Thumb Code    66  switches.o(i.Switch2_Init)
    SystemInit                               0x0000145d   Thumb Code   150  system_msp432p401r.o(i.SystemInit)
    T32_INT1_IRQHandler                      0x00001511   Thumb Code    24  timer32.o(i.T32_INT1_IRQHandler)
    T32_INT2_IRQHandler                      0x00001535   Thumb Code    24  timer32.o(i.T32_INT2_IRQHandler)
    Timer32_1_ISR                            0x00001559   Thumb Code   252  lab8-adc.o(i.Timer32_1_ISR)
    Timer32_1_Init                           0x000016cd   Thumb Code   208  timer32.o(i.Timer32_1_Init)
    __ARM_fpclassify                         0x000017b1   Thumb Code    48  fpclassify.o(i.__ARM_fpclassify)
    __hardfp_pow                             0x000017e1   Thumb Code  3072  pow.o(i.__hardfp_pow)
    __kernel_poly                            0x00002431   Thumb Code   248  poly.o(i.__kernel_poly)
    __mathlib_dbl_divzero                    0x00002529   Thumb Code    28  dunder.o(i.__mathlib_dbl_divzero)
    __mathlib_dbl_infnan2                    0x00002559   Thumb Code    20  dunder.o(i.__mathlib_dbl_infnan2)
    __mathlib_dbl_invalid                    0x00002571   Thumb Code    24  dunder.o(i.__mathlib_dbl_invalid)
    __mathlib_dbl_overflow                   0x00002591   Thumb Code    24  dunder.o(i.__mathlib_dbl_overflow)
    __mathlib_dbl_underflow                  0x000025b1   Thumb Code    24  dunder.o(i.__mathlib_dbl_underflow)
    fabs                                     0x000025d1   Thumb Code    24  fabs.o(i.fabs)
    main                                     0x000025e9   Thumb Code    58  lab8-adc.o(i.main)
    sqrt                                     0x00002645   Thumb Code   110  sqrt.o(i.sqrt)
    uart0_init                               0x000026b5   Thumb Code   134  uart.o(i.uart0_init)
    uart0_put                                0x00002749   Thumb Code    22  uart.o(i.uart0_put)
    uart0_putchar                            0x00002761   Thumb Code    20  uart.o(i.uart0_putchar)
    _get_lc_numeric                          0x00002779   Thumb Code    44  lc_numeric_c.o(locale$$code)
    __aeabi_dneg                             0x000027a5   Thumb Code     0  basic.o(x$fpl$basic)
    _dneg                                    0x000027a5   Thumb Code     6  basic.o(x$fpl$basic)
    __aeabi_fneg                             0x000027ab   Thumb Code     0  basic.o(x$fpl$basic)
    _fneg                                    0x000027ab   Thumb Code     6  basic.o(x$fpl$basic)
    _dabs                                    0x000027b1   Thumb Code     6  basic.o(x$fpl$basic)
    _fabs                                    0x000027b7   Thumb Code     6  basic.o(x$fpl$basic)
    __aeabi_dadd                             0x000027bd   Thumb Code     0  daddsub_clz.o(x$fpl$dadd)
    _dadd                                    0x000027bd   Thumb Code   332  daddsub_clz.o(x$fpl$dadd)
    __fpl_dcheck_NaN1                        0x0000290d   Thumb Code    10  dcheck1.o(x$fpl$dcheck1)
    __fpl_dcmp_Inf                           0x0000291d   Thumb Code    24  dcmpi.o(x$fpl$dcmpinf)
    __aeabi_ddiv                             0x00002935   Thumb Code     0  ddiv.o(x$fpl$ddiv)
    _ddiv                                    0x00002935   Thumb Code   552  ddiv.o(x$fpl$ddiv)
    __aeabi_d2uiz                            0x00002be5   Thumb Code     0  dfixu.o(x$fpl$dfixu)
    _dfixu                                   0x00002be5   Thumb Code    90  dfixu.o(x$fpl$dfixu)
    __aeabi_i2d                              0x00002c3f   Thumb Code     0  dflt_clz.o(x$fpl$dflt)
    _dflt                                    0x00002c3f   Thumb Code    46  dflt_clz.o(x$fpl$dflt)
    __aeabi_ui2d                             0x00002c6d   Thumb Code     0  dflt_clz.o(x$fpl$dfltu)
    _dfltu                                   0x00002c6d   Thumb Code    38  dflt_clz.o(x$fpl$dfltu)
    __aeabi_cdcmple                          0x00002c95   Thumb Code     0  dleqf.o(x$fpl$dleqf)
    _dcmple                                  0x00002c95   Thumb Code   120  dleqf.o(x$fpl$dleqf)
    __fpl_dcmple_InfNaN                      0x00002cf7   Thumb Code     0  dleqf.o(x$fpl$dleqf)
    __aeabi_dmul                             0x00002d0d   Thumb Code     0  dmul.o(x$fpl$dmul)
    _dmul                                    0x00002d0d   Thumb Code   332  dmul.o(x$fpl$dmul)
    __fpl_dnaninf                            0x00002e61   Thumb Code   156  dnaninf.o(x$fpl$dnaninf)
    __fpl_dretinf                            0x00002efd   Thumb Code    12  dretinf.o(x$fpl$dretinf)
    __aeabi_cdrcmple                         0x00002f09   Thumb Code     0  drleqf.o(x$fpl$drleqf)
    _drcmple                                 0x00002f09   Thumb Code   108  drleqf.o(x$fpl$drleqf)
    __aeabi_drsub                            0x00002f75   Thumb Code     0  daddsub_clz.o(x$fpl$drsb)
    _drsb                                    0x00002f75   Thumb Code    22  daddsub_clz.o(x$fpl$drsb)
    _dsqrt                                   0x00002f8d   Thumb Code   404  dsqrt_umaal.o(x$fpl$dsqrt)
    __aeabi_dsub                             0x00003125   Thumb Code     0  daddsub_clz.o(x$fpl$dsub)
    _dsub                                    0x00003125   Thumb Code   464  daddsub_clz.o(x$fpl$dsub)
    _fp_init                                 0x000032f9   Thumb Code    10  fpinit.o(x$fpl$fpinit)
    __fplib_config_fpu_vfp                   0x00003301   Thumb Code     0  fpinit.o(x$fpl$fpinit)
    __fplib_config_pureend_doubles           0x00003301   Thumb Code     0  fpinit.o(x$fpl$fpinit)
    _printf_fp_dec                           0x00003303   Thumb Code     4  printf1.o(x$fpl$printf1)
    __fpl_return_NaN                         0x00003307   Thumb Code   100  retnan.o(x$fpl$retnan)
    __ARM_scalbn                             0x0000336b   Thumb Code    92  scalbn.o(x$fpl$scalbn)
    __fpl_cmpreturn                          0x000033c7   Thumb Code    48  trapv.o(x$fpl$trapveneer)
    __I$use$fp                               0x000033f6   Number         0  usenofp.o(x$fpl$usenofp)
    __mathlib_zero                           0x00003480   Data           8  qnan.o(.constdata)
    Region$$Table$$Base                      0x0000351c   Number         0  anon$$obj.o(Region$$Table)
    Region$$Table$$Limit                     0x0000353c   Number         0  anon$$obj.o(Region$$Table)
    systemTimer                              0x20000000   Data           8  timer32.o(.data)
    Timer32_1_PeriodicTask                   0x20000008   Data           4  timer32.o(.data)
    Timer32_2_PeriodicTask                   0x2000000c   Data           4  timer32.o(.data)
    timeOut                                  0x20000018   Data           1  timer32.o(.data)
    SystemCoreClock                          0x2000001c   Data           4  system_msp432p401r.o(.data)
    __libspace_start                         0x20000020   Data          96  libspace.o(.bss)
    __temporary_stack_top$libspace           0x20000080   Data           0  libspace.o(.bss)



==============================================================================

Memory Map of the image

  Image Entry point : 0x0000021d

  Load Region LR_1 (Base: 0x00000000, Size: 0x00003578, Max: 0xffffffff, ABSOLUTE)

    Execution Region ER_RO (Exec base: 0x00000000, Load base: 0x00000000, Size: 0x00003558, Max: 0xffffffff, ABSOLUTE)

    Exec Addr    Load Addr    Size         Type   Attr      Idx    E Section Name        Object

    0x00000000   0x00000000   0x00000144   Data   RO          401    RESET               startup_msp432p401r_uvision.o
    0x00000144   0x00000144   0x00000008   Code   RO          474  * !!!main             c_w.l(__main.o)
    0x0000014c   0x0000014c   0x00000034   Code   RO          786    !!!scatter          c_w.l(__scatter.o)
    0x00000180   0x00000180   0x0000001a   Code   RO          788    !!handler_copy      c_w.l(__scatter_copy.o)
    0x0000019a   0x0000019a   0x00000002   PAD
    0x0000019c   0x0000019c   0x0000001c   Code   RO          790    !!handler_zi        c_w.l(__scatter_zi.o)
    0x000001b8   0x000001b8   0x00000000   Code   RO          471    .ARM.Collect$$_printf_percent$$00000000  c_w.l(_printf_percent.o)
    0x000001b8   0x000001b8   0x00000006   Code   RO          470    .ARM.Collect$$_printf_percent$$00000003  c_w.l(_printf_f.o)
    0x000001be   0x000001be   0x00000004   Code   RO          523    .ARM.Collect$$_printf_percent$$00000017  c_w.l(_printf_percent_end.o)
    0x000001c2   0x000001c2   0x00000002   Code   RO          653    .ARM.Collect$$libinit$$00000000  c_w.l(libinit.o)
    0x000001c4   0x000001c4   0x00000004   Code   RO          654    .ARM.Collect$$libinit$$00000001  c_w.l(libinit2.o)
    0x000001c8   0x000001c8   0x00000000   Code   RO          657    .ARM.Collect$$libinit$$00000004  c_w.l(libinit2.o)
    0x000001c8   0x000001c8   0x00000000   Code   RO          660    .ARM.Collect$$libinit$$0000000A  c_w.l(libinit2.o)
    0x000001c8   0x000001c8   0x00000000   Code   RO          662    .ARM.Collect$$libinit$$0000000C  c_w.l(libinit2.o)
    0x000001c8   0x000001c8   0x00000000   Code   RO          664    .ARM.Collect$$libinit$$0000000E  c_w.l(libinit2.o)
    0x000001c8   0x000001c8   0x00000006   Code   RO          665    .ARM.Collect$$libinit$$0000000F  c_w.l(libinit2.o)
    0x000001ce   0x000001ce   0x00000000   Code   RO          667    .ARM.Collect$$libinit$$00000011  c_w.l(libinit2.o)
    0x000001ce   0x000001ce   0x00000000   Code   RO          669    .ARM.Collect$$libinit$$00000013  c_w.l(libinit2.o)
    0x000001ce   0x000001ce   0x00000000   Code   RO          671    .ARM.Collect$$libinit$$00000015  c_w.l(libinit2.o)
    0x000001ce   0x000001ce   0x0000000a   Code   RO          672    .ARM.Collect$$libinit$$00000016  c_w.l(libinit2.o)
    0x000001d8   0x000001d8   0x00000000   Code   RO          673    .ARM.Collect$$libinit$$00000017  c_w.l(libinit2.o)
    0x000001d8   0x000001d8   0x00000000   Code   RO          675    .ARM.Collect$$libinit$$00000019  c_w.l(libinit2.o)
    0x000001d8   0x000001d8   0x00000000   Code   RO          677    .ARM.Collect$$libinit$$0000001B  c_w.l(libinit2.o)
    0x000001d8   0x000001d8   0x00000000   Code   RO          679    .ARM.Collect$$libinit$$0000001D  c_w.l(libinit2.o)
    0x000001d8   0x000001d8   0x00000000   Code   RO          681    .ARM.Collect$$libinit$$0000001F  c_w.l(libinit2.o)
    0x000001d8   0x000001d8   0x00000000   Code   RO          683    .ARM.Collect$$libinit$$00000021  c_w.l(libinit2.o)
    0x000001d8   0x000001d8   0x00000000   Code   RO          685    .ARM.Collect$$libinit$$00000023  c_w.l(libinit2.o)
    0x000001d8   0x000001d8   0x00000000   Code   RO          687    .ARM.Collect$$libinit$$00000025  c_w.l(libinit2.o)
    0x000001d8   0x000001d8   0x00000000   Code   RO          691    .ARM.Collect$$libinit$$0000002C  c_w.l(libinit2.o)
    0x000001d8   0x000001d8   0x00000000   Code   RO          693    .ARM.Collect$$libinit$$0000002E  c_w.l(libinit2.o)
    0x000001d8   0x000001d8   0x00000000   Code   RO          695    .ARM.Collect$$libinit$$00000030  c_w.l(libinit2.o)
    0x000001d8   0x000001d8   0x00000000   Code   RO          697    .ARM.Collect$$libinit$$00000032  c_w.l(libinit2.o)
    0x000001d8   0x000001d8   0x00000002   Code   RO          698    .ARM.Collect$$libinit$$00000033  c_w.l(libinit2.o)
    0x000001da   0x000001da   0x00000002   Code   RO          734    .ARM.Collect$$libshutdown$$00000000  c_w.l(libshutdown.o)
    0x000001dc   0x000001dc   0x00000000   Code   RO          745    .ARM.Collect$$libshutdown$$00000002  c_w.l(libshutdown2.o)
    0x000001dc   0x000001dc   0x00000000   Code   RO          747    .ARM.Collect$$libshutdown$$00000004  c_w.l(libshutdown2.o)
    0x000001dc   0x000001dc   0x00000000   Code   RO          750    .ARM.Collect$$libshutdown$$00000007  c_w.l(libshutdown2.o)
    0x000001dc   0x000001dc   0x00000000   Code   RO          753    .ARM.Collect$$libshutdown$$0000000A  c_w.l(libshutdown2.o)
    0x000001dc   0x000001dc   0x00000000   Code   RO          755    .ARM.Collect$$libshutdown$$0000000C  c_w.l(libshutdown2.o)
    0x000001dc   0x000001dc   0x00000000   Code   RO          758    .ARM.Collect$$libshutdown$$0000000F  c_w.l(libshutdown2.o)
    0x000001dc   0x000001dc   0x00000002   Code   RO          759    .ARM.Collect$$libshutdown$$00000010  c_w.l(libshutdown2.o)
    0x000001de   0x000001de   0x00000000   Code   RO          514    .ARM.Collect$$rtentry$$00000000  c_w.l(__rtentry.o)
    0x000001de   0x000001de   0x00000000   Code   RO          573    .ARM.Collect$$rtentry$$00000002  c_w.l(__rtentry2.o)
    0x000001de   0x000001de   0x00000006   Code   RO          585    .ARM.Collect$$rtentry$$00000004  c_w.l(__rtentry4.o)
    0x000001e4   0x000001e4   0x00000000   Code   RO          575    .ARM.Collect$$rtentry$$00000009  c_w.l(__rtentry2.o)
    0x000001e4   0x000001e4   0x00000004   Code   RO          576    .ARM.Collect$$rtentry$$0000000A  c_w.l(__rtentry2.o)
    0x000001e8   0x000001e8   0x00000000   Code   RO          578    .ARM.Collect$$rtentry$$0000000C  c_w.l(__rtentry2.o)
    0x000001e8   0x000001e8   0x00000008   Code   RO          579    .ARM.Collect$$rtentry$$0000000D  c_w.l(__rtentry2.o)
    0x000001f0   0x000001f0   0x00000002   Code   RO          703    .ARM.Collect$$rtexit$$00000000  c_w.l(rtexit.o)
    0x000001f2   0x000001f2   0x00000000   Code   RO          712    .ARM.Collect$$rtexit$$00000002  c_w.l(rtexit2.o)
    0x000001f2   0x000001f2   0x00000004   Code   RO          713    .ARM.Collect$$rtexit$$00000003  c_w.l(rtexit2.o)
    0x000001f6   0x000001f6   0x00000006   Code   RO          714    .ARM.Collect$$rtexit$$00000004  c_w.l(rtexit2.o)
    0x000001fc   0x000001fc   0x00000020   Code   RO          307    .emb_text           cortexm.o
    0x0000021c   0x0000021c   0x00000040   Code   RO          402  * .text               startup_msp432p401r_uvision.o
    0x0000025c   0x0000025c   0x00000028   Code   RO          446    .text               c_w.l(noretval__2sprintf.o)
    0x00000284   0x00000284   0x00000068   Code   RO          448    .text               c_w.l(__printf.o)
    0x000002ec   0x000002ec   0x00000006   Code   RO          472    .text               c_w.l(heapauxi.o)
    0x000002f2   0x000002f2   0x00000016   Code   RO          515    .text               c_w.l(_rserrno.o)
    0x00000308   0x00000308   0x0000041e   Code   RO          517    .text               c_w.l(_printf_fp_dec.o)
    0x00000726   0x00000726   0x00000002   PAD
    0x00000728   0x00000728   0x00000030   Code   RO          519    .text               c_w.l(_printf_char_common.o)
    0x00000758   0x00000758   0x0000000a   Code   RO          521    .text               c_w.l(_sputc.o)
    0x00000762   0x00000762   0x00000002   PAD
    0x00000764   0x00000764   0x00000008   Code   RO          590    .text               c_w.l(rt_locale_intlibspace.o)
    0x0000076c   0x0000076c   0x00000008   Code   RO          595    .text               c_w.l(rt_errno_addr_intlibspace.o)
    0x00000774   0x00000774   0x0000008a   Code   RO          597    .text               c_w.l(lludiv10.o)
    0x000007fe   0x000007fe   0x00000002   PAD
    0x00000800   0x00000800   0x00000080   Code   RO          599    .text               c_w.l(_printf_fp_infnan.o)
    0x00000880   0x00000880   0x000000e4   Code   RO          603    .text               c_w.l(bigflt0.o)
    0x00000964   0x00000964   0x00000008   Code   RO          639    .text               c_w.l(libspace.o)
    0x0000096c   0x0000096c   0x0000004a   Code   RO          642    .text               c_w.l(sys_stackheap_outer.o)
    0x000009b6   0x000009b6   0x00000012   Code   RO          644    .text               c_w.l(exit.o)
    0x000009c8   0x000009c8   0x00000080   Code   RO          646    .text               c_w.l(strcmpv7m.o)
    0x00000a48   0x00000a48   0x0000000c   Code   RO          724    .text               c_w.l(sys_exit.o)
    0x00000a54   0x00000a54   0x00000002   Code   RO          735    .text               c_w.l(use_no_semi.o)
    0x00000a56   0x00000a56   0x00000000   Code   RO          737    .text               c_w.l(indicate_semi.o)
    0x00000a56   0x00000a56   0x0000003e   Code   RO          606    CL$$btod_d2e        c_w.l(btod.o)
    0x00000a94   0x00000a94   0x00000046   Code   RO          608    CL$$btod_d2e_denorm_low  c_w.l(btod.o)
    0x00000ada   0x00000ada   0x00000060   Code   RO          607    CL$$btod_d2e_norm_op1  c_w.l(btod.o)
    0x00000b3a   0x00000b3a   0x00000338   Code   RO          616    CL$$btod_div_common  c_w.l(btod.o)
    0x00000e72   0x00000e72   0x000000dc   Code   RO          613    CL$$btod_e2e        c_w.l(btod.o)
    0x00000f4e   0x00000f4e   0x0000002a   Code   RO          610    CL$$btod_ediv       c_w.l(btod.o)
    0x00000f78   0x00000f78   0x0000002a   Code   RO          609    CL$$btod_emul       c_w.l(btod.o)
    0x00000fa2   0x00000fa2   0x00000244   Code   RO          615    CL$$btod_mult_common  c_w.l(btod.o)
    0x000011e6   0x000011e6   0x00000002   PAD
    0x000011e8   0x000011e8   0x00000094   Code   RO          326    i.ADC0_InitSWTriggerCh6  adc14.o
    0x0000127c   0x0000127c   0x0000003c   Code   RO          327    i.ADC_In            adc14.o
    0x000012b8   0x000012b8   0x00000068   Code   RO          126    i.CalcPeriodFromFrequency  timer32.o
    0x00001320   0x00001320   0x00000044   Code   RO          238    i.LED1_Init         leds.o
    0x00001364   0x00001364   0x000000b0   Code   RO          242    i.LED2_Init         leds.o
    0x00001414   0x00001414   0x00000048   Code   RO          191    i.Switch2_Init      switches.o
    0x0000145c   0x0000145c   0x000000b4   Code   RO          410    i.SystemInit        system_msp432p401r.o
    0x00001510   0x00001510   0x00000024   Code   RO          128    i.T32_INT1_IRQHandler  timer32.o
    0x00001534   0x00001534   0x00000024   Code   RO          129    i.T32_INT2_IRQHandler  timer32.o
    0x00001558   0x00001558   0x00000174   Code   RO          359    i.Timer32_1_ISR     lab8-adc.o
    0x000016cc   0x000016cc   0x000000e4   Code   RO          130    i.Timer32_1_Init    timer32.o
    0x000017b0   0x000017b0   0x00000030   Code   RO          555    i.__ARM_fpclassify  m_wm.l(fpclassify.o)
    0x000017e0   0x000017e0   0x00000c50   Code   RO          500    i.__hardfp_pow      m_wm.l(pow.o)
    0x00002430   0x00002430   0x000000f8   Code   RO          557    i.__kernel_poly     m_wm.l(poly.o)
    0x00002528   0x00002528   0x00000030   Code   RO          535    i.__mathlib_dbl_divzero  m_wm.l(dunder.o)
    0x00002558   0x00002558   0x00000014   Code   RO          537    i.__mathlib_dbl_infnan2  m_wm.l(dunder.o)
    0x0000256c   0x0000256c   0x00000004   PAD
    0x00002570   0x00002570   0x00000020   Code   RO          538    i.__mathlib_dbl_invalid  m_wm.l(dunder.o)
    0x00002590   0x00002590   0x00000020   Code   RO          539    i.__mathlib_dbl_overflow  m_wm.l(dunder.o)
    0x000025b0   0x000025b0   0x00000020   Code   RO          541    i.__mathlib_dbl_underflow  m_wm.l(dunder.o)
    0x000025d0   0x000025d0   0x00000018   Code   RO          551    i.fabs              m_wm.l(fabs.o)
    0x000025e8   0x000025e8   0x0000005c   Code   RO          360    i.main              lab8-adc.o
    0x00002644   0x00002644   0x0000006e   Code   RO          562    i.sqrt              m_wm.l(sqrt.o)
    0x000026b2   0x000026b2   0x00000002   PAD
    0x000026b4   0x000026b4   0x00000094   Code   RO            6    i.uart0_init        uart.o
    0x00002748   0x00002748   0x00000016   Code   RO            7    i.uart0_put         uart.o
    0x0000275e   0x0000275e   0x00000002   PAD
    0x00002760   0x00002760   0x00000018   Code   RO            8    i.uart0_putchar     uart.o
    0x00002778   0x00002778   0x0000002c   Code   RO          629    locale$$code        c_w.l(lc_numeric_c.o)
    0x000027a4   0x000027a4   0x00000018   Code   RO          524    x$fpl$basic         fz_wm.l(basic.o)
    0x000027bc   0x000027bc   0x00000150   Code   RO          476    x$fpl$dadd          fz_wm.l(daddsub_clz.o)
    0x0000290c   0x0000290c   0x00000010   Code   RO          631    x$fpl$dcheck1       fz_wm.l(dcheck1.o)
    0x0000291c   0x0000291c   0x00000018   Code   RO          699    x$fpl$dcmpinf       fz_wm.l(dcmpi.o)
    0x00002934   0x00002934   0x000002b0   Code   RO          483    x$fpl$ddiv          fz_wm.l(ddiv.o)
    0x00002be4   0x00002be4   0x0000005a   Code   RO          486    x$fpl$dfixu         fz_wm.l(dfixu.o)
    0x00002c3e   0x00002c3e   0x0000002e   Code   RO          491    x$fpl$dflt          fz_wm.l(dflt_clz.o)
    0x00002c6c   0x00002c6c   0x00000026   Code   RO          490    x$fpl$dfltu         fz_wm.l(dflt_clz.o)
    0x00002c92   0x00002c92   0x00000002   PAD
    0x00002c94   0x00002c94   0x00000078   Code   RO          633    x$fpl$dleqf         fz_wm.l(dleqf.o)
    0x00002d0c   0x00002d0c   0x00000154   Code   RO          496    x$fpl$dmul          fz_wm.l(dmul.o)
    0x00002e60   0x00002e60   0x0000009c   Code   RO          526    x$fpl$dnaninf       fz_wm.l(dnaninf.o)
    0x00002efc   0x00002efc   0x0000000c   Code   RO          528    x$fpl$dretinf       fz_wm.l(dretinf.o)
    0x00002f08   0x00002f08   0x0000006c   Code   RO          530    x$fpl$drleqf        fz_wm.l(drleqf.o)
    0x00002f74   0x00002f74   0x00000016   Code   RO          477    x$fpl$drsb          fz_wm.l(daddsub_clz.o)
    0x00002f8a   0x00002f8a   0x00000002   PAD
    0x00002f8c   0x00002f8c   0x00000198   Code   RO          635    x$fpl$dsqrt         fz_wm.l(dsqrt_umaal.o)
    0x00003124   0x00003124   0x000001d4   Code   RO          478    x$fpl$dsub          fz_wm.l(daddsub_clz.o)
    0x000032f8   0x000032f8   0x0000000a   Code   RO          707    x$fpl$fpinit        fz_wm.l(fpinit.o)
    0x00003302   0x00003302   0x00000004   Code   RO          498    x$fpl$printf1       fz_wm.l(printf1.o)
    0x00003306   0x00003306   0x00000064   Code   RO          701    x$fpl$retnan        fz_wm.l(retnan.o)
    0x0000336a   0x0000336a   0x0000005c   Code   RO          532    x$fpl$scalbn        fz_wm.l(scalbn.o)
    0x000033c6   0x000033c6   0x00000030   Code   RO          709    x$fpl$trapveneer    fz_wm.l(trapv.o)
    0x000033f6   0x000033f6   0x00000000   Code   RO          534    x$fpl$usenofp       fz_wm.l(usenofp.o)
    0x000033f6   0x000033f6   0x00000002   PAD
    0x000033f8   0x000033f8   0x00000088   Data   RO          503    .constdata          m_wm.l(pow.o)
    0x00003480   0x00003480   0x00000008   Data   RO          559    .constdata          m_wm.l(qnan.o)
    0x00003488   0x00003488   0x00000094   Data   RO          604    .constdata          c_w.l(bigflt0.o)
    0x0000351c   0x0000351c   0x00000020   Data   RO          784    Region$$Table       anon$$obj.o
    0x0000353c   0x0000353c   0x0000001c   Data   RO          628    locale$$data        c_w.l(lc_numeric_c.o)


    Execution Region ER_RW (Exec base: 0x20000000, Load base: 0x00003558, Size: 0x00000020, Max: 0xffffffff, ABSOLUTE)

    Exec Addr    Load Addr    Size         Type   Attr      Idx    E Section Name        Object

    0x20000000   0x00003558   0x00000019   Data   RW          132    .data               timer32.o
    0x20000019   0x00003571   0x00000003   PAD
    0x2000001c   0x00003574   0x00000004   Data   RW          411    .data               system_msp432p401r.o


    Execution Region ER_ZI (Exec base: 0x20000020, Load base: 0x00003578, Size: 0x00000460, Max: 0xffffffff, ABSOLUTE)

    Exec Addr    Load Addr    Size         Type   Attr      Idx    E Section Name        Object

    0x20000020        -       0x00000060   Zero   RW          640    .bss                c_w.l(libspace.o)
    0x20000080        -       0x00000200   Zero   RW          400    HEAP                startup_msp432p401r_uvision.o
    0x20000280        -       0x00000200   Zero   RW          399    STACK               startup_msp432p401r_uvision.o


==============================================================================

Image component sizes


      Code (inc. data)   RO Data    RW Data    ZI Data      Debug   Object Name

       208         30          0          0          0        937   adc14.o
        32          0          0          0          0        536   cortexm.o
       464        154          0          0          0       1131   lab8-adc.o
       244         12          0          0          0        832   leds.o
        64         26        324          0       1024        892   startup_msp432p401r_uvision.o
        72          6          0          0          0        411   switches.o
       180         30          0          4          0        735   system_msp432p401r.o
       404         64          0         25          0       4355   timer32.o
       194         18          0          0          0       8237   uart.o

    ----------------------------------------------------------------------
      1864        340        356         32       1024      18066   Object Totals
         0          0         32          0          0          0   (incl. Generated)
         2          0          0          3          0          0   (incl. Padding)

    ----------------------------------------------------------------------

      Code (inc. data)   RO Data    RW Data    ZI Data      Debug   Library Member Name

         8          0          0          0          0         68   __main.o
       104          0          0          0          0         84   __printf.o
         0          0          0          0          0          0   __rtentry.o
        12          0          0          0          0          0   __rtentry2.o
         6          0          0          0          0          0   __rtentry4.o
        52          8          0          0          0          0   __scatter.o
        26          0          0          0          0          0   __scatter_copy.o
        28          0          0          0          0          0   __scatter_zi.o
        48          6          0          0          0         96   _printf_char_common.o
         6          0          0          0          0          0   _printf_f.o
      1054          0          0          0          0        216   _printf_fp_dec.o
       128         16          0          0          0         84   _printf_fp_infnan.o
         0          0          0          0          0          0   _printf_percent.o
         4          0          0          0          0          0   _printf_percent_end.o
        22          0          0          0          0        100   _rserrno.o
        10          0          0          0          0         68   _sputc.o
       228          4        148          0          0         96   bigflt0.o
      1936        128          0          0          0        672   btod.o
        18          0          0          0          0         80   exit.o
         6          0          0          0          0        152   heapauxi.o
         0          0          0          0          0          0   indicate_semi.o
        44         10         28          0          0         76   lc_numeric_c.o
         2          0          0          0          0          0   libinit.o
        22          0          0          0          0          0   libinit2.o
         2          0          0          0          0          0   libshutdown.o
         2          0          0          0          0          0   libshutdown2.o
         8          4          0          0         96         68   libspace.o
       138          0          0          0          0         80   lludiv10.o
        40          6          0          0          0         84   noretval__2sprintf.o
         8          4          0          0          0         68   rt_errno_addr_intlibspace.o
         8          4          0          0          0         68   rt_locale_intlibspace.o
         2          0          0          0          0          0   rtexit.o
        10          0          0          0          0          0   rtexit2.o
       128          0          0          0          0         68   strcmpv7m.o
        12          4          0          0          0         68   sys_exit.o
        74          0          0          0          0         80   sys_stackheap_outer.o
         2          0          0          0          0         68   use_no_semi.o
        24          0          0          0          0        164   basic.o
       826         16          0          0          0        492   daddsub_clz.o
        16          4          0          0          0        116   dcheck1.o
        24          0          0          0          0        116   dcmpi.o
       688        140          0          0          0        256   ddiv.o
        90          4          0          0          0        140   dfixu.o
        84          0          0          0          0        232   dflt_clz.o
       120          4          0          0          0        140   dleqf.o
       340         12          0          0          0        152   dmul.o
       156          4          0          0          0        140   dnaninf.o
        12          0          0          0          0        116   dretinf.o
       108          0          0          0          0        128   drleqf.o
       408         56          0          0          0        168   dsqrt_umaal.o
        10          0          0          0          0        116   fpinit.o
         4          0          0          0          0        116   printf1.o
       100          0          0          0          0        116   retnan.o
        92          0          0          0          0        116   scalbn.o
        48          0          0          0          0        116   trapv.o
         0          0          0          0          0          0   usenofp.o
       164         44          0          0          0        620   dunder.o
        24          0          0          0          0        124   fabs.o
        48          0          0          0          0        124   fpclassify.o
       248          0          0          0          0        152   poly.o
      3152        296        136          0          0        352   pow.o
         0          0          8          0          0          0   qnan.o
       110          0          0          0          0        148   sqrt.o

    ----------------------------------------------------------------------
     11116        774        320          0         96       6904   Library Totals
        22          0          0          0          0          0   (incl. Padding)

    ----------------------------------------------------------------------

      Code (inc. data)   RO Data    RW Data    ZI Data      Debug   Library Name

      4198        194        176          0         96       2444   c_w.l
      3150        240          0          0          0       2940   fz_wm.l
      3746        340        144          0          0       1520   m_wm.l

    ----------------------------------------------------------------------
     11116        774        320          0         96       6904   Library Totals

    ----------------------------------------------------------------------

==============================================================================


      Code (inc. data)   RO Data    RW Data    ZI Data      Debug   

     12980       1114        676         32       1120      19470   Grand Totals
     12980       1114        676         32       1120      19470   ELF Image Totals
     12980       1114        676         32          0          0   ROM Totals

==============================================================================

    Total RO  Size (Code + RO Data)                13656 (  13.34kB)
    Total RW  Size (RW Data + ZI Data)              1152 (   1.13kB)
    Total ROM Size (Code + RO Data + RW Data)      13688 (  13.37kB)

==============================================================================

